ARM GAS  /tmp/ccJm24MA.s 			page 1


   1              		.cpu cortex-m3
   2              		.eabi_attribute 20, 1
   3              		.eabi_attribute 21, 1
   4              		.eabi_attribute 23, 3
   5              		.eabi_attribute 24, 1
   6              		.eabi_attribute 25, 1
   7              		.eabi_attribute 26, 1
   8              		.eabi_attribute 30, 1
   9              		.eabi_attribute 34, 1
  10              		.eabi_attribute 18, 4
  11              		.file	"stm32f1xx_hal_msp.c"
  12              		.text
  13              	.Ltext0:
  14              		.cfi_sections	.debug_frame
  15              		.section	.text.HAL_MspInit,"ax",%progbits
  16              		.align	1
  17              		.global	HAL_MspInit
  18              		.arch armv7-m
  19              		.syntax unified
  20              		.thumb
  21              		.thumb_func
  22              		.fpu softvfp
  24              	HAL_MspInit:
  25              	.LFB65:
  26              		.file 1 "Core/Src/stm32f1xx_hal_msp.c"
   1:Core/Src/stm32f1xx_hal_msp.c **** /* USER CODE BEGIN Header */
   2:Core/Src/stm32f1xx_hal_msp.c **** /**
   3:Core/Src/stm32f1xx_hal_msp.c ****   ******************************************************************************
   4:Core/Src/stm32f1xx_hal_msp.c ****   * @file         stm32f1xx_hal_msp.c
   5:Core/Src/stm32f1xx_hal_msp.c ****   * @brief        This file provides code for the MSP Initialization
   6:Core/Src/stm32f1xx_hal_msp.c ****   *               and de-Initialization codes.
   7:Core/Src/stm32f1xx_hal_msp.c ****   ******************************************************************************
   8:Core/Src/stm32f1xx_hal_msp.c ****   * @attention
   9:Core/Src/stm32f1xx_hal_msp.c ****   *
  10:Core/Src/stm32f1xx_hal_msp.c ****   * Copyright (c) 2026 STMicroelectronics.
  11:Core/Src/stm32f1xx_hal_msp.c ****   * All rights reserved.
  12:Core/Src/stm32f1xx_hal_msp.c ****   *
  13:Core/Src/stm32f1xx_hal_msp.c ****   * This software is licensed under terms that can be found in the LICENSE file
  14:Core/Src/stm32f1xx_hal_msp.c ****   * in the root directory of this software component.
  15:Core/Src/stm32f1xx_hal_msp.c ****   * If no LICENSE file comes with this software, it is provided AS-IS.
  16:Core/Src/stm32f1xx_hal_msp.c ****   *
  17:Core/Src/stm32f1xx_hal_msp.c ****   ******************************************************************************
  18:Core/Src/stm32f1xx_hal_msp.c ****   */
  19:Core/Src/stm32f1xx_hal_msp.c **** /* USER CODE END Header */
  20:Core/Src/stm32f1xx_hal_msp.c **** /* Includes ------------------------------------------------------------------*/
  21:Core/Src/stm32f1xx_hal_msp.c **** #include "main.h"
  22:Core/Src/stm32f1xx_hal_msp.c **** /* USER CODE BEGIN Includes */
  23:Core/Src/stm32f1xx_hal_msp.c **** 
  24:Core/Src/stm32f1xx_hal_msp.c **** /* USER CODE END Includes */
  25:Core/Src/stm32f1xx_hal_msp.c **** extern DMA_HandleTypeDef hdma_adc1;
  26:Core/Src/stm32f1xx_hal_msp.c **** 
  27:Core/Src/stm32f1xx_hal_msp.c **** /* Private typedef -----------------------------------------------------------*/
  28:Core/Src/stm32f1xx_hal_msp.c **** /* USER CODE BEGIN TD */
  29:Core/Src/stm32f1xx_hal_msp.c **** 
  30:Core/Src/stm32f1xx_hal_msp.c **** /* USER CODE END TD */
  31:Core/Src/stm32f1xx_hal_msp.c **** 
  32:Core/Src/stm32f1xx_hal_msp.c **** /* Private define ------------------------------------------------------------*/
ARM GAS  /tmp/ccJm24MA.s 			page 2


  33:Core/Src/stm32f1xx_hal_msp.c **** /* USER CODE BEGIN Define */
  34:Core/Src/stm32f1xx_hal_msp.c **** 
  35:Core/Src/stm32f1xx_hal_msp.c **** /* USER CODE END Define */
  36:Core/Src/stm32f1xx_hal_msp.c **** 
  37:Core/Src/stm32f1xx_hal_msp.c **** /* Private macro -------------------------------------------------------------*/
  38:Core/Src/stm32f1xx_hal_msp.c **** /* USER CODE BEGIN Macro */
  39:Core/Src/stm32f1xx_hal_msp.c **** 
  40:Core/Src/stm32f1xx_hal_msp.c **** /* USER CODE END Macro */
  41:Core/Src/stm32f1xx_hal_msp.c **** 
  42:Core/Src/stm32f1xx_hal_msp.c **** /* Private variables ---------------------------------------------------------*/
  43:Core/Src/stm32f1xx_hal_msp.c **** /* USER CODE BEGIN PV */
  44:Core/Src/stm32f1xx_hal_msp.c **** 
  45:Core/Src/stm32f1xx_hal_msp.c **** /* USER CODE END PV */
  46:Core/Src/stm32f1xx_hal_msp.c **** 
  47:Core/Src/stm32f1xx_hal_msp.c **** /* Private function prototypes -----------------------------------------------*/
  48:Core/Src/stm32f1xx_hal_msp.c **** /* USER CODE BEGIN PFP */
  49:Core/Src/stm32f1xx_hal_msp.c **** 
  50:Core/Src/stm32f1xx_hal_msp.c **** /* USER CODE END PFP */
  51:Core/Src/stm32f1xx_hal_msp.c **** 
  52:Core/Src/stm32f1xx_hal_msp.c **** /* External functions --------------------------------------------------------*/
  53:Core/Src/stm32f1xx_hal_msp.c **** /* USER CODE BEGIN ExternalFunctions */
  54:Core/Src/stm32f1xx_hal_msp.c **** 
  55:Core/Src/stm32f1xx_hal_msp.c **** /* USER CODE END ExternalFunctions */
  56:Core/Src/stm32f1xx_hal_msp.c **** 
  57:Core/Src/stm32f1xx_hal_msp.c **** /* USER CODE BEGIN 0 */
  58:Core/Src/stm32f1xx_hal_msp.c **** 
  59:Core/Src/stm32f1xx_hal_msp.c **** /* USER CODE END 0 */
  60:Core/Src/stm32f1xx_hal_msp.c **** /**
  61:Core/Src/stm32f1xx_hal_msp.c ****   * Initializes the Global MSP.
  62:Core/Src/stm32f1xx_hal_msp.c ****   */
  63:Core/Src/stm32f1xx_hal_msp.c **** void HAL_MspInit(void)
  64:Core/Src/stm32f1xx_hal_msp.c **** {
  27              		.loc 1 64 1 view -0
  28              		.cfi_startproc
  29              		@ args = 0, pretend = 0, frame = 8
  30              		@ frame_needed = 0, uses_anonymous_args = 0
  31              		@ link register save eliminated.
  32 0000 82B0     		sub	sp, sp, #8
  33              	.LCFI0:
  34              		.cfi_def_cfa_offset 8
  65:Core/Src/stm32f1xx_hal_msp.c **** 
  66:Core/Src/stm32f1xx_hal_msp.c ****   /* USER CODE BEGIN MspInit 0 */
  67:Core/Src/stm32f1xx_hal_msp.c **** 
  68:Core/Src/stm32f1xx_hal_msp.c ****   /* USER CODE END MspInit 0 */
  69:Core/Src/stm32f1xx_hal_msp.c **** 
  70:Core/Src/stm32f1xx_hal_msp.c ****   __HAL_RCC_AFIO_CLK_ENABLE();
  35              		.loc 1 70 3 view .LVU1
  36              	.LBB2:
  37              		.loc 1 70 3 view .LVU2
  38              		.loc 1 70 3 view .LVU3
  39 0002 0E4B     		ldr	r3, .L3
  40 0004 9A69     		ldr	r2, [r3, #24]
  41 0006 42F00102 		orr	r2, r2, #1
  42 000a 9A61     		str	r2, [r3, #24]
  43              		.loc 1 70 3 view .LVU4
  44 000c 9A69     		ldr	r2, [r3, #24]
  45 000e 02F00102 		and	r2, r2, #1
ARM GAS  /tmp/ccJm24MA.s 			page 3


  46 0012 0092     		str	r2, [sp]
  47              		.loc 1 70 3 view .LVU5
  48 0014 009A     		ldr	r2, [sp]
  49              	.LBE2:
  50              		.loc 1 70 3 view .LVU6
  71:Core/Src/stm32f1xx_hal_msp.c ****   __HAL_RCC_PWR_CLK_ENABLE();
  51              		.loc 1 71 3 view .LVU7
  52              	.LBB3:
  53              		.loc 1 71 3 view .LVU8
  54              		.loc 1 71 3 view .LVU9
  55 0016 DA69     		ldr	r2, [r3, #28]
  56 0018 42F08052 		orr	r2, r2, #268435456
  57 001c DA61     		str	r2, [r3, #28]
  58              		.loc 1 71 3 view .LVU10
  59 001e DB69     		ldr	r3, [r3, #28]
  60 0020 03F08053 		and	r3, r3, #268435456
  61 0024 0193     		str	r3, [sp, #4]
  62              		.loc 1 71 3 view .LVU11
  63 0026 019B     		ldr	r3, [sp, #4]
  64              	.LBE3:
  65              		.loc 1 71 3 view .LVU12
  72:Core/Src/stm32f1xx_hal_msp.c **** 
  73:Core/Src/stm32f1xx_hal_msp.c ****   /* System interrupt init*/
  74:Core/Src/stm32f1xx_hal_msp.c **** 
  75:Core/Src/stm32f1xx_hal_msp.c ****   /** NOJTAG: JTAG-DP Disabled and SW-DP Enabled
  76:Core/Src/stm32f1xx_hal_msp.c ****   */
  77:Core/Src/stm32f1xx_hal_msp.c ****   __HAL_AFIO_REMAP_SWJ_NOJTAG();
  66              		.loc 1 77 3 view .LVU13
  67              	.LBB4:
  68              		.loc 1 77 3 view .LVU14
  69 0028 054A     		ldr	r2, .L3+4
  70 002a 5368     		ldr	r3, [r2, #4]
  71              	.LVL0:
  72              		.loc 1 77 3 view .LVU15
  73 002c 23F0E063 		bic	r3, r3, #117440512
  74              	.LVL1:
  75              		.loc 1 77 3 view .LVU16
  76 0030 43F00073 		orr	r3, r3, #33554432
  77              	.LVL2:
  78              		.loc 1 77 3 view .LVU17
  79 0034 5360     		str	r3, [r2, #4]
  80              	.LBE4:
  81              		.loc 1 77 3 view .LVU18
  78:Core/Src/stm32f1xx_hal_msp.c **** 
  79:Core/Src/stm32f1xx_hal_msp.c ****   /* USER CODE BEGIN MspInit 1 */
  80:Core/Src/stm32f1xx_hal_msp.c **** 
  81:Core/Src/stm32f1xx_hal_msp.c ****   /* USER CODE END MspInit 1 */
  82:Core/Src/stm32f1xx_hal_msp.c **** }
  82              		.loc 1 82 1 is_stmt 0 view .LVU19
  83 0036 02B0     		add	sp, sp, #8
  84              	.LCFI1:
  85              		.cfi_def_cfa_offset 0
  86              		@ sp needed
  87 0038 7047     		bx	lr
  88              	.L4:
  89 003a 00BF     		.align	2
  90              	.L3:
ARM GAS  /tmp/ccJm24MA.s 			page 4


  91 003c 00100240 		.word	1073876992
  92 0040 00000140 		.word	1073807360
  93              		.cfi_endproc
  94              	.LFE65:
  96              		.section	.text.HAL_ADC_MspInit,"ax",%progbits
  97              		.align	1
  98              		.global	HAL_ADC_MspInit
  99              		.syntax unified
 100              		.thumb
 101              		.thumb_func
 102              		.fpu softvfp
 104              	HAL_ADC_MspInit:
 105              	.LVL3:
 106              	.LFB66:
  83:Core/Src/stm32f1xx_hal_msp.c **** 
  84:Core/Src/stm32f1xx_hal_msp.c **** /**
  85:Core/Src/stm32f1xx_hal_msp.c ****   * @brief ADC MSP Initialization
  86:Core/Src/stm32f1xx_hal_msp.c ****   * This function configures the hardware resources used in this example
  87:Core/Src/stm32f1xx_hal_msp.c ****   * @param hadc: ADC handle pointer
  88:Core/Src/stm32f1xx_hal_msp.c ****   * @retval None
  89:Core/Src/stm32f1xx_hal_msp.c ****   */
  90:Core/Src/stm32f1xx_hal_msp.c **** void HAL_ADC_MspInit(ADC_HandleTypeDef* hadc)
  91:Core/Src/stm32f1xx_hal_msp.c **** {
 107              		.loc 1 91 1 is_stmt 1 view -0
 108              		.cfi_startproc
 109              		@ args = 0, pretend = 0, frame = 24
 110              		@ frame_needed = 0, uses_anonymous_args = 0
 111              		.loc 1 91 1 is_stmt 0 view .LVU21
 112 0000 10B5     		push	{r4, lr}
 113              	.LCFI2:
 114              		.cfi_def_cfa_offset 8
 115              		.cfi_offset 4, -8
 116              		.cfi_offset 14, -4
 117 0002 86B0     		sub	sp, sp, #24
 118              	.LCFI3:
 119              		.cfi_def_cfa_offset 32
  92:Core/Src/stm32f1xx_hal_msp.c ****   GPIO_InitTypeDef GPIO_InitStruct = {0};
 120              		.loc 1 92 3 is_stmt 1 view .LVU22
 121              		.loc 1 92 20 is_stmt 0 view .LVU23
 122 0004 0023     		movs	r3, #0
 123 0006 0293     		str	r3, [sp, #8]
 124 0008 0393     		str	r3, [sp, #12]
 125 000a 0493     		str	r3, [sp, #16]
 126 000c 0593     		str	r3, [sp, #20]
  93:Core/Src/stm32f1xx_hal_msp.c ****   if(hadc->Instance==ADC1)
 127              		.loc 1 93 3 is_stmt 1 view .LVU24
 128              		.loc 1 93 10 is_stmt 0 view .LVU25
 129 000e 0268     		ldr	r2, [r0]
 130              		.loc 1 93 5 view .LVU26
 131 0010 1E4B     		ldr	r3, .L11
 132 0012 9A42     		cmp	r2, r3
 133 0014 01D0     		beq	.L9
 134              	.LVL4:
 135              	.L5:
  94:Core/Src/stm32f1xx_hal_msp.c ****   {
  95:Core/Src/stm32f1xx_hal_msp.c ****     /* USER CODE BEGIN ADC1_MspInit 0 */
  96:Core/Src/stm32f1xx_hal_msp.c **** 
ARM GAS  /tmp/ccJm24MA.s 			page 5


  97:Core/Src/stm32f1xx_hal_msp.c ****     /* USER CODE END ADC1_MspInit 0 */
  98:Core/Src/stm32f1xx_hal_msp.c ****     /* Peripheral clock enable */
  99:Core/Src/stm32f1xx_hal_msp.c ****     __HAL_RCC_ADC1_CLK_ENABLE();
 100:Core/Src/stm32f1xx_hal_msp.c **** 
 101:Core/Src/stm32f1xx_hal_msp.c ****     __HAL_RCC_GPIOA_CLK_ENABLE();
 102:Core/Src/stm32f1xx_hal_msp.c ****     /**ADC1 GPIO Configuration
 103:Core/Src/stm32f1xx_hal_msp.c ****     PA0-WKUP     ------> ADC1_IN0
 104:Core/Src/stm32f1xx_hal_msp.c ****     */
 105:Core/Src/stm32f1xx_hal_msp.c ****     GPIO_InitStruct.Pin = GPIO_PIN_0;
 106:Core/Src/stm32f1xx_hal_msp.c ****     GPIO_InitStruct.Mode = GPIO_MODE_ANALOG;
 107:Core/Src/stm32f1xx_hal_msp.c ****     HAL_GPIO_Init(GPIOA, &GPIO_InitStruct);
 108:Core/Src/stm32f1xx_hal_msp.c **** 
 109:Core/Src/stm32f1xx_hal_msp.c ****     /* ADC1 DMA Init */
 110:Core/Src/stm32f1xx_hal_msp.c ****     /* ADC1 Init */
 111:Core/Src/stm32f1xx_hal_msp.c ****     hdma_adc1.Instance = DMA1_Channel1;
 112:Core/Src/stm32f1xx_hal_msp.c ****     hdma_adc1.Init.Direction = DMA_PERIPH_TO_MEMORY;
 113:Core/Src/stm32f1xx_hal_msp.c ****     hdma_adc1.Init.PeriphInc = DMA_PINC_DISABLE;
 114:Core/Src/stm32f1xx_hal_msp.c ****     hdma_adc1.Init.MemInc = DMA_MINC_ENABLE;
 115:Core/Src/stm32f1xx_hal_msp.c ****     hdma_adc1.Init.PeriphDataAlignment = DMA_PDATAALIGN_HALFWORD;
 116:Core/Src/stm32f1xx_hal_msp.c ****     hdma_adc1.Init.MemDataAlignment = DMA_MDATAALIGN_HALFWORD;
 117:Core/Src/stm32f1xx_hal_msp.c ****     hdma_adc1.Init.Mode = DMA_CIRCULAR;
 118:Core/Src/stm32f1xx_hal_msp.c ****     hdma_adc1.Init.Priority = DMA_PRIORITY_LOW;
 119:Core/Src/stm32f1xx_hal_msp.c ****     if (HAL_DMA_Init(&hdma_adc1) != HAL_OK)
 120:Core/Src/stm32f1xx_hal_msp.c ****     {
 121:Core/Src/stm32f1xx_hal_msp.c ****       Error_Handler();
 122:Core/Src/stm32f1xx_hal_msp.c ****     }
 123:Core/Src/stm32f1xx_hal_msp.c **** 
 124:Core/Src/stm32f1xx_hal_msp.c ****     __HAL_LINKDMA(hadc,DMA_Handle,hdma_adc1);
 125:Core/Src/stm32f1xx_hal_msp.c **** 
 126:Core/Src/stm32f1xx_hal_msp.c ****     /* USER CODE BEGIN ADC1_MspInit 1 */
 127:Core/Src/stm32f1xx_hal_msp.c **** 
 128:Core/Src/stm32f1xx_hal_msp.c ****     /* USER CODE END ADC1_MspInit 1 */
 129:Core/Src/stm32f1xx_hal_msp.c **** 
 130:Core/Src/stm32f1xx_hal_msp.c ****   }
 131:Core/Src/stm32f1xx_hal_msp.c **** 
 132:Core/Src/stm32f1xx_hal_msp.c **** }
 136              		.loc 1 132 1 view .LVU27
 137 0016 06B0     		add	sp, sp, #24
 138              	.LCFI4:
 139              		.cfi_remember_state
 140              		.cfi_def_cfa_offset 8
 141              		@ sp needed
 142 0018 10BD     		pop	{r4, pc}
 143              	.LVL5:
 144              	.L9:
 145              	.LCFI5:
 146              		.cfi_restore_state
 147              		.loc 1 132 1 view .LVU28
 148 001a 0446     		mov	r4, r0
  99:Core/Src/stm32f1xx_hal_msp.c **** 
 149              		.loc 1 99 5 is_stmt 1 view .LVU29
 150              	.LBB5:
  99:Core/Src/stm32f1xx_hal_msp.c **** 
 151              		.loc 1 99 5 view .LVU30
  99:Core/Src/stm32f1xx_hal_msp.c **** 
 152              		.loc 1 99 5 view .LVU31
 153 001c 03F56C43 		add	r3, r3, #60416
ARM GAS  /tmp/ccJm24MA.s 			page 6


 154 0020 9A69     		ldr	r2, [r3, #24]
 155 0022 42F40072 		orr	r2, r2, #512
 156 0026 9A61     		str	r2, [r3, #24]
  99:Core/Src/stm32f1xx_hal_msp.c **** 
 157              		.loc 1 99 5 view .LVU32
 158 0028 9A69     		ldr	r2, [r3, #24]
 159 002a 02F40072 		and	r2, r2, #512
 160 002e 0092     		str	r2, [sp]
  99:Core/Src/stm32f1xx_hal_msp.c **** 
 161              		.loc 1 99 5 view .LVU33
 162 0030 009A     		ldr	r2, [sp]
 163              	.LBE5:
  99:Core/Src/stm32f1xx_hal_msp.c **** 
 164              		.loc 1 99 5 view .LVU34
 101:Core/Src/stm32f1xx_hal_msp.c ****     /**ADC1 GPIO Configuration
 165              		.loc 1 101 5 view .LVU35
 166              	.LBB6:
 101:Core/Src/stm32f1xx_hal_msp.c ****     /**ADC1 GPIO Configuration
 167              		.loc 1 101 5 view .LVU36
 101:Core/Src/stm32f1xx_hal_msp.c ****     /**ADC1 GPIO Configuration
 168              		.loc 1 101 5 view .LVU37
 169 0032 9A69     		ldr	r2, [r3, #24]
 170 0034 42F00402 		orr	r2, r2, #4
 171 0038 9A61     		str	r2, [r3, #24]
 101:Core/Src/stm32f1xx_hal_msp.c ****     /**ADC1 GPIO Configuration
 172              		.loc 1 101 5 view .LVU38
 173 003a 9B69     		ldr	r3, [r3, #24]
 174 003c 03F00403 		and	r3, r3, #4
 175 0040 0193     		str	r3, [sp, #4]
 101:Core/Src/stm32f1xx_hal_msp.c ****     /**ADC1 GPIO Configuration
 176              		.loc 1 101 5 view .LVU39
 177 0042 019B     		ldr	r3, [sp, #4]
 178              	.LBE6:
 101:Core/Src/stm32f1xx_hal_msp.c ****     /**ADC1 GPIO Configuration
 179              		.loc 1 101 5 view .LVU40
 105:Core/Src/stm32f1xx_hal_msp.c ****     GPIO_InitStruct.Mode = GPIO_MODE_ANALOG;
 180              		.loc 1 105 5 view .LVU41
 105:Core/Src/stm32f1xx_hal_msp.c ****     GPIO_InitStruct.Mode = GPIO_MODE_ANALOG;
 181              		.loc 1 105 25 is_stmt 0 view .LVU42
 182 0044 0123     		movs	r3, #1
 183 0046 0293     		str	r3, [sp, #8]
 106:Core/Src/stm32f1xx_hal_msp.c ****     HAL_GPIO_Init(GPIOA, &GPIO_InitStruct);
 184              		.loc 1 106 5 is_stmt 1 view .LVU43
 106:Core/Src/stm32f1xx_hal_msp.c ****     HAL_GPIO_Init(GPIOA, &GPIO_InitStruct);
 185              		.loc 1 106 26 is_stmt 0 view .LVU44
 186 0048 0323     		movs	r3, #3
 187 004a 0393     		str	r3, [sp, #12]
 107:Core/Src/stm32f1xx_hal_msp.c **** 
 188              		.loc 1 107 5 is_stmt 1 view .LVU45
 189 004c 02A9     		add	r1, sp, #8
 190 004e 1048     		ldr	r0, .L11+4
 191              	.LVL6:
 107:Core/Src/stm32f1xx_hal_msp.c **** 
 192              		.loc 1 107 5 is_stmt 0 view .LVU46
 193 0050 FFF7FEFF 		bl	HAL_GPIO_Init
 194              	.LVL7:
 111:Core/Src/stm32f1xx_hal_msp.c ****     hdma_adc1.Init.Direction = DMA_PERIPH_TO_MEMORY;
ARM GAS  /tmp/ccJm24MA.s 			page 7


 195              		.loc 1 111 5 is_stmt 1 view .LVU47
 111:Core/Src/stm32f1xx_hal_msp.c ****     hdma_adc1.Init.Direction = DMA_PERIPH_TO_MEMORY;
 196              		.loc 1 111 24 is_stmt 0 view .LVU48
 197 0054 0F48     		ldr	r0, .L11+8
 198 0056 104B     		ldr	r3, .L11+12
 199 0058 0360     		str	r3, [r0]
 112:Core/Src/stm32f1xx_hal_msp.c ****     hdma_adc1.Init.PeriphInc = DMA_PINC_DISABLE;
 200              		.loc 1 112 5 is_stmt 1 view .LVU49
 112:Core/Src/stm32f1xx_hal_msp.c ****     hdma_adc1.Init.PeriphInc = DMA_PINC_DISABLE;
 201              		.loc 1 112 30 is_stmt 0 view .LVU50
 202 005a 0023     		movs	r3, #0
 203 005c 4360     		str	r3, [r0, #4]
 113:Core/Src/stm32f1xx_hal_msp.c ****     hdma_adc1.Init.MemInc = DMA_MINC_ENABLE;
 204              		.loc 1 113 5 is_stmt 1 view .LVU51
 113:Core/Src/stm32f1xx_hal_msp.c ****     hdma_adc1.Init.MemInc = DMA_MINC_ENABLE;
 205              		.loc 1 113 30 is_stmt 0 view .LVU52
 206 005e 8360     		str	r3, [r0, #8]
 114:Core/Src/stm32f1xx_hal_msp.c ****     hdma_adc1.Init.PeriphDataAlignment = DMA_PDATAALIGN_HALFWORD;
 207              		.loc 1 114 5 is_stmt 1 view .LVU53
 114:Core/Src/stm32f1xx_hal_msp.c ****     hdma_adc1.Init.PeriphDataAlignment = DMA_PDATAALIGN_HALFWORD;
 208              		.loc 1 114 27 is_stmt 0 view .LVU54
 209 0060 8022     		movs	r2, #128
 210 0062 C260     		str	r2, [r0, #12]
 115:Core/Src/stm32f1xx_hal_msp.c ****     hdma_adc1.Init.MemDataAlignment = DMA_MDATAALIGN_HALFWORD;
 211              		.loc 1 115 5 is_stmt 1 view .LVU55
 115:Core/Src/stm32f1xx_hal_msp.c ****     hdma_adc1.Init.MemDataAlignment = DMA_MDATAALIGN_HALFWORD;
 212              		.loc 1 115 40 is_stmt 0 view .LVU56
 213 0064 4FF48072 		mov	r2, #256
 214 0068 0261     		str	r2, [r0, #16]
 116:Core/Src/stm32f1xx_hal_msp.c ****     hdma_adc1.Init.Mode = DMA_CIRCULAR;
 215              		.loc 1 116 5 is_stmt 1 view .LVU57
 116:Core/Src/stm32f1xx_hal_msp.c ****     hdma_adc1.Init.Mode = DMA_CIRCULAR;
 216              		.loc 1 116 37 is_stmt 0 view .LVU58
 217 006a 4FF48062 		mov	r2, #1024
 218 006e 4261     		str	r2, [r0, #20]
 117:Core/Src/stm32f1xx_hal_msp.c ****     hdma_adc1.Init.Priority = DMA_PRIORITY_LOW;
 219              		.loc 1 117 5 is_stmt 1 view .LVU59
 117:Core/Src/stm32f1xx_hal_msp.c ****     hdma_adc1.Init.Priority = DMA_PRIORITY_LOW;
 220              		.loc 1 117 25 is_stmt 0 view .LVU60
 221 0070 2022     		movs	r2, #32
 222 0072 8261     		str	r2, [r0, #24]
 118:Core/Src/stm32f1xx_hal_msp.c ****     if (HAL_DMA_Init(&hdma_adc1) != HAL_OK)
 223              		.loc 1 118 5 is_stmt 1 view .LVU61
 118:Core/Src/stm32f1xx_hal_msp.c ****     if (HAL_DMA_Init(&hdma_adc1) != HAL_OK)
 224              		.loc 1 118 29 is_stmt 0 view .LVU62
 225 0074 C361     		str	r3, [r0, #28]
 119:Core/Src/stm32f1xx_hal_msp.c ****     {
 226              		.loc 1 119 5 is_stmt 1 view .LVU63
 119:Core/Src/stm32f1xx_hal_msp.c ****     {
 227              		.loc 1 119 9 is_stmt 0 view .LVU64
 228 0076 FFF7FEFF 		bl	HAL_DMA_Init
 229              	.LVL8:
 119:Core/Src/stm32f1xx_hal_msp.c ****     {
 230              		.loc 1 119 8 view .LVU65
 231 007a 18B9     		cbnz	r0, .L10
 232              	.L7:
 124:Core/Src/stm32f1xx_hal_msp.c **** 
ARM GAS  /tmp/ccJm24MA.s 			page 8


 233              		.loc 1 124 5 is_stmt 1 view .LVU66
 124:Core/Src/stm32f1xx_hal_msp.c **** 
 234              		.loc 1 124 5 view .LVU67
 235 007c 054B     		ldr	r3, .L11+8
 236 007e 2362     		str	r3, [r4, #32]
 124:Core/Src/stm32f1xx_hal_msp.c **** 
 237              		.loc 1 124 5 view .LVU68
 238 0080 5C62     		str	r4, [r3, #36]
 124:Core/Src/stm32f1xx_hal_msp.c **** 
 239              		.loc 1 124 5 view .LVU69
 240              		.loc 1 132 1 is_stmt 0 view .LVU70
 241 0082 C8E7     		b	.L5
 242              	.L10:
 121:Core/Src/stm32f1xx_hal_msp.c ****     }
 243              		.loc 1 121 7 is_stmt 1 view .LVU71
 244 0084 FFF7FEFF 		bl	Error_Handler
 245              	.LVL9:
 246 0088 F8E7     		b	.L7
 247              	.L12:
 248 008a 00BF     		.align	2
 249              	.L11:
 250 008c 00240140 		.word	1073816576
 251 0090 00080140 		.word	1073809408
 252 0094 00000000 		.word	hdma_adc1
 253 0098 08000240 		.word	1073872904
 254              		.cfi_endproc
 255              	.LFE66:
 257              		.section	.text.HAL_ADC_MspDeInit,"ax",%progbits
 258              		.align	1
 259              		.global	HAL_ADC_MspDeInit
 260              		.syntax unified
 261              		.thumb
 262              		.thumb_func
 263              		.fpu softvfp
 265              	HAL_ADC_MspDeInit:
 266              	.LVL10:
 267              	.LFB67:
 133:Core/Src/stm32f1xx_hal_msp.c **** 
 134:Core/Src/stm32f1xx_hal_msp.c **** /**
 135:Core/Src/stm32f1xx_hal_msp.c ****   * @brief ADC MSP De-Initialization
 136:Core/Src/stm32f1xx_hal_msp.c ****   * This function freeze the hardware resources used in this example
 137:Core/Src/stm32f1xx_hal_msp.c ****   * @param hadc: ADC handle pointer
 138:Core/Src/stm32f1xx_hal_msp.c ****   * @retval None
 139:Core/Src/stm32f1xx_hal_msp.c ****   */
 140:Core/Src/stm32f1xx_hal_msp.c **** void HAL_ADC_MspDeInit(ADC_HandleTypeDef* hadc)
 141:Core/Src/stm32f1xx_hal_msp.c **** {
 268              		.loc 1 141 1 view -0
 269              		.cfi_startproc
 270              		@ args = 0, pretend = 0, frame = 0
 271              		@ frame_needed = 0, uses_anonymous_args = 0
 142:Core/Src/stm32f1xx_hal_msp.c ****   if(hadc->Instance==ADC1)
 272              		.loc 1 142 3 view .LVU73
 273              		.loc 1 142 10 is_stmt 0 view .LVU74
 274 0000 0268     		ldr	r2, [r0]
 275              		.loc 1 142 5 view .LVU75
 276 0002 094B     		ldr	r3, .L20
 277 0004 9A42     		cmp	r2, r3
ARM GAS  /tmp/ccJm24MA.s 			page 9


 278 0006 00D0     		beq	.L19
 279 0008 7047     		bx	lr
 280              	.L19:
 141:Core/Src/stm32f1xx_hal_msp.c ****   if(hadc->Instance==ADC1)
 281              		.loc 1 141 1 view .LVU76
 282 000a 10B5     		push	{r4, lr}
 283              	.LCFI6:
 284              		.cfi_def_cfa_offset 8
 285              		.cfi_offset 4, -8
 286              		.cfi_offset 14, -4
 287 000c 0446     		mov	r4, r0
 143:Core/Src/stm32f1xx_hal_msp.c ****   {
 144:Core/Src/stm32f1xx_hal_msp.c ****     /* USER CODE BEGIN ADC1_MspDeInit 0 */
 145:Core/Src/stm32f1xx_hal_msp.c **** 
 146:Core/Src/stm32f1xx_hal_msp.c ****     /* USER CODE END ADC1_MspDeInit 0 */
 147:Core/Src/stm32f1xx_hal_msp.c ****     /* Peripheral clock disable */
 148:Core/Src/stm32f1xx_hal_msp.c ****     __HAL_RCC_ADC1_CLK_DISABLE();
 288              		.loc 1 148 5 is_stmt 1 view .LVU77
 289 000e 074A     		ldr	r2, .L20+4
 290 0010 9369     		ldr	r3, [r2, #24]
 291 0012 23F40073 		bic	r3, r3, #512
 292 0016 9361     		str	r3, [r2, #24]
 149:Core/Src/stm32f1xx_hal_msp.c **** 
 150:Core/Src/stm32f1xx_hal_msp.c ****     /**ADC1 GPIO Configuration
 151:Core/Src/stm32f1xx_hal_msp.c ****     PA0-WKUP     ------> ADC1_IN0
 152:Core/Src/stm32f1xx_hal_msp.c ****     */
 153:Core/Src/stm32f1xx_hal_msp.c ****     HAL_GPIO_DeInit(GPIOA, GPIO_PIN_0);
 293              		.loc 1 153 5 view .LVU78
 294 0018 0121     		movs	r1, #1
 295 001a 0548     		ldr	r0, .L20+8
 296              	.LVL11:
 297              		.loc 1 153 5 is_stmt 0 view .LVU79
 298 001c FFF7FEFF 		bl	HAL_GPIO_DeInit
 299              	.LVL12:
 154:Core/Src/stm32f1xx_hal_msp.c **** 
 155:Core/Src/stm32f1xx_hal_msp.c ****     /* ADC1 DMA DeInit */
 156:Core/Src/stm32f1xx_hal_msp.c ****     HAL_DMA_DeInit(hadc->DMA_Handle);
 300              		.loc 1 156 5 is_stmt 1 view .LVU80
 301 0020 206A     		ldr	r0, [r4, #32]
 302 0022 FFF7FEFF 		bl	HAL_DMA_DeInit
 303              	.LVL13:
 157:Core/Src/stm32f1xx_hal_msp.c ****     /* USER CODE BEGIN ADC1_MspDeInit 1 */
 158:Core/Src/stm32f1xx_hal_msp.c **** 
 159:Core/Src/stm32f1xx_hal_msp.c ****     /* USER CODE END ADC1_MspDeInit 1 */
 160:Core/Src/stm32f1xx_hal_msp.c ****   }
 161:Core/Src/stm32f1xx_hal_msp.c **** 
 162:Core/Src/stm32f1xx_hal_msp.c **** }
 304              		.loc 1 162 1 is_stmt 0 view .LVU81
 305 0026 10BD     		pop	{r4, pc}
 306              	.LVL14:
 307              	.L21:
 308              		.loc 1 162 1 view .LVU82
 309              		.align	2
 310              	.L20:
 311 0028 00240140 		.word	1073816576
 312 002c 00100240 		.word	1073876992
 313 0030 00080140 		.word	1073809408
ARM GAS  /tmp/ccJm24MA.s 			page 10


 314              		.cfi_endproc
 315              	.LFE67:
 317              		.section	.text.HAL_TIM_Base_MspInit,"ax",%progbits
 318              		.align	1
 319              		.global	HAL_TIM_Base_MspInit
 320              		.syntax unified
 321              		.thumb
 322              		.thumb_func
 323              		.fpu softvfp
 325              	HAL_TIM_Base_MspInit:
 326              	.LVL15:
 327              	.LFB68:
 163:Core/Src/stm32f1xx_hal_msp.c **** 
 164:Core/Src/stm32f1xx_hal_msp.c **** /**
 165:Core/Src/stm32f1xx_hal_msp.c ****   * @brief TIM_Base MSP Initialization
 166:Core/Src/stm32f1xx_hal_msp.c ****   * This function configures the hardware resources used in this example
 167:Core/Src/stm32f1xx_hal_msp.c ****   * @param htim_base: TIM_Base handle pointer
 168:Core/Src/stm32f1xx_hal_msp.c ****   * @retval None
 169:Core/Src/stm32f1xx_hal_msp.c ****   */
 170:Core/Src/stm32f1xx_hal_msp.c **** void HAL_TIM_Base_MspInit(TIM_HandleTypeDef* htim_base)
 171:Core/Src/stm32f1xx_hal_msp.c **** {
 328              		.loc 1 171 1 is_stmt 1 view -0
 329              		.cfi_startproc
 330              		@ args = 0, pretend = 0, frame = 8
 331              		@ frame_needed = 0, uses_anonymous_args = 0
 332              		@ link register save eliminated.
 172:Core/Src/stm32f1xx_hal_msp.c ****   if(htim_base->Instance==TIM2)
 333              		.loc 1 172 3 view .LVU84
 334              		.loc 1 172 15 is_stmt 0 view .LVU85
 335 0000 0368     		ldr	r3, [r0]
 336              		.loc 1 172 5 view .LVU86
 337 0002 B3F1804F 		cmp	r3, #1073741824
 338 0006 00D0     		beq	.L28
 339 0008 7047     		bx	lr
 340              	.L28:
 171:Core/Src/stm32f1xx_hal_msp.c ****   if(htim_base->Instance==TIM2)
 341              		.loc 1 171 1 view .LVU87
 342 000a 82B0     		sub	sp, sp, #8
 343              	.LCFI7:
 344              		.cfi_def_cfa_offset 8
 173:Core/Src/stm32f1xx_hal_msp.c ****   {
 174:Core/Src/stm32f1xx_hal_msp.c ****     /* USER CODE BEGIN TIM2_MspInit 0 */
 175:Core/Src/stm32f1xx_hal_msp.c **** 
 176:Core/Src/stm32f1xx_hal_msp.c ****     /* USER CODE END TIM2_MspInit 0 */
 177:Core/Src/stm32f1xx_hal_msp.c ****     /* Peripheral clock enable */
 178:Core/Src/stm32f1xx_hal_msp.c ****     __HAL_RCC_TIM2_CLK_ENABLE();
 345              		.loc 1 178 5 is_stmt 1 view .LVU88
 346              	.LBB7:
 347              		.loc 1 178 5 view .LVU89
 348              		.loc 1 178 5 view .LVU90
 349 000c 03F50433 		add	r3, r3, #135168
 350 0010 DA69     		ldr	r2, [r3, #28]
 351 0012 42F00102 		orr	r2, r2, #1
 352 0016 DA61     		str	r2, [r3, #28]
 353              		.loc 1 178 5 view .LVU91
 354 0018 DB69     		ldr	r3, [r3, #28]
 355 001a 03F00103 		and	r3, r3, #1
ARM GAS  /tmp/ccJm24MA.s 			page 11


 356 001e 0193     		str	r3, [sp, #4]
 357              		.loc 1 178 5 view .LVU92
 358 0020 019B     		ldr	r3, [sp, #4]
 359              	.LBE7:
 360              		.loc 1 178 5 view .LVU93
 179:Core/Src/stm32f1xx_hal_msp.c ****     /* USER CODE BEGIN TIM2_MspInit 1 */
 180:Core/Src/stm32f1xx_hal_msp.c **** 
 181:Core/Src/stm32f1xx_hal_msp.c ****     /* USER CODE END TIM2_MspInit 1 */
 182:Core/Src/stm32f1xx_hal_msp.c **** 
 183:Core/Src/stm32f1xx_hal_msp.c ****   }
 184:Core/Src/stm32f1xx_hal_msp.c **** 
 185:Core/Src/stm32f1xx_hal_msp.c **** }
 361              		.loc 1 185 1 is_stmt 0 view .LVU94
 362 0022 02B0     		add	sp, sp, #8
 363              	.LCFI8:
 364              		.cfi_def_cfa_offset 0
 365              		@ sp needed
 366 0024 7047     		bx	lr
 367              		.cfi_endproc
 368              	.LFE68:
 370              		.section	.text.HAL_TIM_Base_MspDeInit,"ax",%progbits
 371              		.align	1
 372              		.global	HAL_TIM_Base_MspDeInit
 373              		.syntax unified
 374              		.thumb
 375              		.thumb_func
 376              		.fpu softvfp
 378              	HAL_TIM_Base_MspDeInit:
 379              	.LVL16:
 380              	.LFB69:
 186:Core/Src/stm32f1xx_hal_msp.c **** 
 187:Core/Src/stm32f1xx_hal_msp.c **** /**
 188:Core/Src/stm32f1xx_hal_msp.c ****   * @brief TIM_Base MSP De-Initialization
 189:Core/Src/stm32f1xx_hal_msp.c ****   * This function freeze the hardware resources used in this example
 190:Core/Src/stm32f1xx_hal_msp.c ****   * @param htim_base: TIM_Base handle pointer
 191:Core/Src/stm32f1xx_hal_msp.c ****   * @retval None
 192:Core/Src/stm32f1xx_hal_msp.c ****   */
 193:Core/Src/stm32f1xx_hal_msp.c **** void HAL_TIM_Base_MspDeInit(TIM_HandleTypeDef* htim_base)
 194:Core/Src/stm32f1xx_hal_msp.c **** {
 381              		.loc 1 194 1 is_stmt 1 view -0
 382              		.cfi_startproc
 383              		@ args = 0, pretend = 0, frame = 0
 384              		@ frame_needed = 0, uses_anonymous_args = 0
 385              		@ link register save eliminated.
 195:Core/Src/stm32f1xx_hal_msp.c ****   if(htim_base->Instance==TIM2)
 386              		.loc 1 195 3 view .LVU96
 387              		.loc 1 195 15 is_stmt 0 view .LVU97
 388 0000 0368     		ldr	r3, [r0]
 389              		.loc 1 195 5 view .LVU98
 390 0002 B3F1804F 		cmp	r3, #1073741824
 391 0006 00D0     		beq	.L31
 392              	.L29:
 196:Core/Src/stm32f1xx_hal_msp.c ****   {
 197:Core/Src/stm32f1xx_hal_msp.c ****     /* USER CODE BEGIN TIM2_MspDeInit 0 */
 198:Core/Src/stm32f1xx_hal_msp.c **** 
 199:Core/Src/stm32f1xx_hal_msp.c ****     /* USER CODE END TIM2_MspDeInit 0 */
 200:Core/Src/stm32f1xx_hal_msp.c ****     /* Peripheral clock disable */
ARM GAS  /tmp/ccJm24MA.s 			page 12


 201:Core/Src/stm32f1xx_hal_msp.c ****     __HAL_RCC_TIM2_CLK_DISABLE();
 202:Core/Src/stm32f1xx_hal_msp.c ****     /* USER CODE BEGIN TIM2_MspDeInit 1 */
 203:Core/Src/stm32f1xx_hal_msp.c **** 
 204:Core/Src/stm32f1xx_hal_msp.c ****     /* USER CODE END TIM2_MspDeInit 1 */
 205:Core/Src/stm32f1xx_hal_msp.c ****   }
 206:Core/Src/stm32f1xx_hal_msp.c **** 
 207:Core/Src/stm32f1xx_hal_msp.c **** }
 393              		.loc 1 207 1 view .LVU99
 394 0008 7047     		bx	lr
 395              	.L31:
 201:Core/Src/stm32f1xx_hal_msp.c ****     /* USER CODE BEGIN TIM2_MspDeInit 1 */
 396              		.loc 1 201 5 is_stmt 1 view .LVU100
 397 000a 034A     		ldr	r2, .L32
 398 000c D369     		ldr	r3, [r2, #28]
 399 000e 23F00103 		bic	r3, r3, #1
 400 0012 D361     		str	r3, [r2, #28]
 401              		.loc 1 207 1 is_stmt 0 view .LVU101
 402 0014 F8E7     		b	.L29
 403              	.L33:
 404 0016 00BF     		.align	2
 405              	.L32:
 406 0018 00100240 		.word	1073876992
 407              		.cfi_endproc
 408              	.LFE69:
 410              		.section	.text.HAL_UART_MspInit,"ax",%progbits
 411              		.align	1
 412              		.global	HAL_UART_MspInit
 413              		.syntax unified
 414              		.thumb
 415              		.thumb_func
 416              		.fpu softvfp
 418              	HAL_UART_MspInit:
 419              	.LVL17:
 420              	.LFB70:
 208:Core/Src/stm32f1xx_hal_msp.c **** 
 209:Core/Src/stm32f1xx_hal_msp.c **** /**
 210:Core/Src/stm32f1xx_hal_msp.c ****   * @brief UART MSP Initialization
 211:Core/Src/stm32f1xx_hal_msp.c ****   * This function configures the hardware resources used in this example
 212:Core/Src/stm32f1xx_hal_msp.c ****   * @param huart: UART handle pointer
 213:Core/Src/stm32f1xx_hal_msp.c ****   * @retval None
 214:Core/Src/stm32f1xx_hal_msp.c ****   */
 215:Core/Src/stm32f1xx_hal_msp.c **** void HAL_UART_MspInit(UART_HandleTypeDef* huart)
 216:Core/Src/stm32f1xx_hal_msp.c **** {
 421              		.loc 1 216 1 is_stmt 1 view -0
 422              		.cfi_startproc
 423              		@ args = 0, pretend = 0, frame = 24
 424              		@ frame_needed = 0, uses_anonymous_args = 0
 425              		.loc 1 216 1 is_stmt 0 view .LVU103
 426 0000 10B5     		push	{r4, lr}
 427              	.LCFI9:
 428              		.cfi_def_cfa_offset 8
 429              		.cfi_offset 4, -8
 430              		.cfi_offset 14, -4
 431 0002 86B0     		sub	sp, sp, #24
 432              	.LCFI10:
 433              		.cfi_def_cfa_offset 32
 217:Core/Src/stm32f1xx_hal_msp.c ****   GPIO_InitTypeDef GPIO_InitStruct = {0};
ARM GAS  /tmp/ccJm24MA.s 			page 13


 434              		.loc 1 217 3 is_stmt 1 view .LVU104
 435              		.loc 1 217 20 is_stmt 0 view .LVU105
 436 0004 0023     		movs	r3, #0
 437 0006 0293     		str	r3, [sp, #8]
 438 0008 0393     		str	r3, [sp, #12]
 439 000a 0493     		str	r3, [sp, #16]
 440 000c 0593     		str	r3, [sp, #20]
 218:Core/Src/stm32f1xx_hal_msp.c ****   if(huart->Instance==USART1)
 441              		.loc 1 218 3 is_stmt 1 view .LVU106
 442              		.loc 1 218 11 is_stmt 0 view .LVU107
 443 000e 0268     		ldr	r2, [r0]
 444              		.loc 1 218 5 view .LVU108
 445 0010 174B     		ldr	r3, .L38
 446 0012 9A42     		cmp	r2, r3
 447 0014 01D0     		beq	.L37
 448              	.LVL18:
 449              	.L34:
 219:Core/Src/stm32f1xx_hal_msp.c ****   {
 220:Core/Src/stm32f1xx_hal_msp.c ****     /* USER CODE BEGIN USART1_MspInit 0 */
 221:Core/Src/stm32f1xx_hal_msp.c **** 
 222:Core/Src/stm32f1xx_hal_msp.c ****     /* USER CODE END USART1_MspInit 0 */
 223:Core/Src/stm32f1xx_hal_msp.c ****     /* Peripheral clock enable */
 224:Core/Src/stm32f1xx_hal_msp.c ****     __HAL_RCC_USART1_CLK_ENABLE();
 225:Core/Src/stm32f1xx_hal_msp.c **** 
 226:Core/Src/stm32f1xx_hal_msp.c ****     __HAL_RCC_GPIOA_CLK_ENABLE();
 227:Core/Src/stm32f1xx_hal_msp.c ****     /**USART1 GPIO Configuration
 228:Core/Src/stm32f1xx_hal_msp.c ****     PA9     ------> USART1_TX
 229:Core/Src/stm32f1xx_hal_msp.c ****     PA10     ------> USART1_RX
 230:Core/Src/stm32f1xx_hal_msp.c ****     */
 231:Core/Src/stm32f1xx_hal_msp.c ****     GPIO_InitStruct.Pin = GPIO_PIN_9;
 232:Core/Src/stm32f1xx_hal_msp.c ****     GPIO_InitStruct.Mode = GPIO_MODE_AF_PP;
 233:Core/Src/stm32f1xx_hal_msp.c ****     GPIO_InitStruct.Speed = GPIO_SPEED_FREQ_HIGH;
 234:Core/Src/stm32f1xx_hal_msp.c ****     HAL_GPIO_Init(GPIOA, &GPIO_InitStruct);
 235:Core/Src/stm32f1xx_hal_msp.c **** 
 236:Core/Src/stm32f1xx_hal_msp.c ****     GPIO_InitStruct.Pin = GPIO_PIN_10;
 237:Core/Src/stm32f1xx_hal_msp.c ****     GPIO_InitStruct.Mode = GPIO_MODE_INPUT;
 238:Core/Src/stm32f1xx_hal_msp.c ****     GPIO_InitStruct.Pull = GPIO_NOPULL;
 239:Core/Src/stm32f1xx_hal_msp.c ****     HAL_GPIO_Init(GPIOA, &GPIO_InitStruct);
 240:Core/Src/stm32f1xx_hal_msp.c **** 
 241:Core/Src/stm32f1xx_hal_msp.c ****     /* USER CODE BEGIN USART1_MspInit 1 */
 242:Core/Src/stm32f1xx_hal_msp.c **** 
 243:Core/Src/stm32f1xx_hal_msp.c ****     /* USER CODE END USART1_MspInit 1 */
 244:Core/Src/stm32f1xx_hal_msp.c **** 
 245:Core/Src/stm32f1xx_hal_msp.c ****   }
 246:Core/Src/stm32f1xx_hal_msp.c **** 
 247:Core/Src/stm32f1xx_hal_msp.c **** }
 450              		.loc 1 247 1 view .LVU109
 451 0016 06B0     		add	sp, sp, #24
 452              	.LCFI11:
 453              		.cfi_remember_state
 454              		.cfi_def_cfa_offset 8
 455              		@ sp needed
 456 0018 10BD     		pop	{r4, pc}
 457              	.LVL19:
 458              	.L37:
 459              	.LCFI12:
 460              		.cfi_restore_state
ARM GAS  /tmp/ccJm24MA.s 			page 14


 224:Core/Src/stm32f1xx_hal_msp.c **** 
 461              		.loc 1 224 5 is_stmt 1 view .LVU110
 462              	.LBB8:
 224:Core/Src/stm32f1xx_hal_msp.c **** 
 463              		.loc 1 224 5 view .LVU111
 224:Core/Src/stm32f1xx_hal_msp.c **** 
 464              		.loc 1 224 5 view .LVU112
 465 001a 03F55843 		add	r3, r3, #55296
 466 001e 9A69     		ldr	r2, [r3, #24]
 467 0020 42F48042 		orr	r2, r2, #16384
 468 0024 9A61     		str	r2, [r3, #24]
 224:Core/Src/stm32f1xx_hal_msp.c **** 
 469              		.loc 1 224 5 view .LVU113
 470 0026 9A69     		ldr	r2, [r3, #24]
 471 0028 02F48042 		and	r2, r2, #16384
 472 002c 0092     		str	r2, [sp]
 224:Core/Src/stm32f1xx_hal_msp.c **** 
 473              		.loc 1 224 5 view .LVU114
 474 002e 009A     		ldr	r2, [sp]
 475              	.LBE8:
 224:Core/Src/stm32f1xx_hal_msp.c **** 
 476              		.loc 1 224 5 view .LVU115
 226:Core/Src/stm32f1xx_hal_msp.c ****     /**USART1 GPIO Configuration
 477              		.loc 1 226 5 view .LVU116
 478              	.LBB9:
 226:Core/Src/stm32f1xx_hal_msp.c ****     /**USART1 GPIO Configuration
 479              		.loc 1 226 5 view .LVU117
 226:Core/Src/stm32f1xx_hal_msp.c ****     /**USART1 GPIO Configuration
 480              		.loc 1 226 5 view .LVU118
 481 0030 9A69     		ldr	r2, [r3, #24]
 482 0032 42F00402 		orr	r2, r2, #4
 483 0036 9A61     		str	r2, [r3, #24]
 226:Core/Src/stm32f1xx_hal_msp.c ****     /**USART1 GPIO Configuration
 484              		.loc 1 226 5 view .LVU119
 485 0038 9B69     		ldr	r3, [r3, #24]
 486 003a 03F00403 		and	r3, r3, #4
 487 003e 0193     		str	r3, [sp, #4]
 226:Core/Src/stm32f1xx_hal_msp.c ****     /**USART1 GPIO Configuration
 488              		.loc 1 226 5 view .LVU120
 489 0040 019B     		ldr	r3, [sp, #4]
 490              	.LBE9:
 226:Core/Src/stm32f1xx_hal_msp.c ****     /**USART1 GPIO Configuration
 491              		.loc 1 226 5 view .LVU121
 231:Core/Src/stm32f1xx_hal_msp.c ****     GPIO_InitStruct.Mode = GPIO_MODE_AF_PP;
 492              		.loc 1 231 5 view .LVU122
 231:Core/Src/stm32f1xx_hal_msp.c ****     GPIO_InitStruct.Mode = GPIO_MODE_AF_PP;
 493              		.loc 1 231 25 is_stmt 0 view .LVU123
 494 0042 4FF40073 		mov	r3, #512
 495 0046 0293     		str	r3, [sp, #8]
 232:Core/Src/stm32f1xx_hal_msp.c ****     GPIO_InitStruct.Speed = GPIO_SPEED_FREQ_HIGH;
 496              		.loc 1 232 5 is_stmt 1 view .LVU124
 232:Core/Src/stm32f1xx_hal_msp.c ****     GPIO_InitStruct.Speed = GPIO_SPEED_FREQ_HIGH;
 497              		.loc 1 232 26 is_stmt 0 view .LVU125
 498 0048 0223     		movs	r3, #2
 499 004a 0393     		str	r3, [sp, #12]
 233:Core/Src/stm32f1xx_hal_msp.c ****     HAL_GPIO_Init(GPIOA, &GPIO_InitStruct);
 500              		.loc 1 233 5 is_stmt 1 view .LVU126
ARM GAS  /tmp/ccJm24MA.s 			page 15


 233:Core/Src/stm32f1xx_hal_msp.c ****     HAL_GPIO_Init(GPIOA, &GPIO_InitStruct);
 501              		.loc 1 233 27 is_stmt 0 view .LVU127
 502 004c 0323     		movs	r3, #3
 503 004e 0593     		str	r3, [sp, #20]
 234:Core/Src/stm32f1xx_hal_msp.c **** 
 504              		.loc 1 234 5 is_stmt 1 view .LVU128
 505 0050 084C     		ldr	r4, .L38+4
 506 0052 02A9     		add	r1, sp, #8
 507 0054 2046     		mov	r0, r4
 508              	.LVL20:
 234:Core/Src/stm32f1xx_hal_msp.c **** 
 509              		.loc 1 234 5 is_stmt 0 view .LVU129
 510 0056 FFF7FEFF 		bl	HAL_GPIO_Init
 511              	.LVL21:
 236:Core/Src/stm32f1xx_hal_msp.c ****     GPIO_InitStruct.Mode = GPIO_MODE_INPUT;
 512              		.loc 1 236 5 is_stmt 1 view .LVU130
 236:Core/Src/stm32f1xx_hal_msp.c ****     GPIO_InitStruct.Mode = GPIO_MODE_INPUT;
 513              		.loc 1 236 25 is_stmt 0 view .LVU131
 514 005a 4FF48063 		mov	r3, #1024
 515 005e 0293     		str	r3, [sp, #8]
 237:Core/Src/stm32f1xx_hal_msp.c ****     GPIO_InitStruct.Pull = GPIO_NOPULL;
 516              		.loc 1 237 5 is_stmt 1 view .LVU132
 237:Core/Src/stm32f1xx_hal_msp.c ****     GPIO_InitStruct.Pull = GPIO_NOPULL;
 517              		.loc 1 237 26 is_stmt 0 view .LVU133
 518 0060 0023     		movs	r3, #0
 519 0062 0393     		str	r3, [sp, #12]
 238:Core/Src/stm32f1xx_hal_msp.c ****     HAL_GPIO_Init(GPIOA, &GPIO_InitStruct);
 520              		.loc 1 238 5 is_stmt 1 view .LVU134
 238:Core/Src/stm32f1xx_hal_msp.c ****     HAL_GPIO_Init(GPIOA, &GPIO_InitStruct);
 521              		.loc 1 238 26 is_stmt 0 view .LVU135
 522 0064 0493     		str	r3, [sp, #16]
 239:Core/Src/stm32f1xx_hal_msp.c **** 
 523              		.loc 1 239 5 is_stmt 1 view .LVU136
 524 0066 02A9     		add	r1, sp, #8
 525 0068 2046     		mov	r0, r4
 526 006a FFF7FEFF 		bl	HAL_GPIO_Init
 527              	.LVL22:
 528              		.loc 1 247 1 is_stmt 0 view .LVU137
 529 006e D2E7     		b	.L34
 530              	.L39:
 531              		.align	2
 532              	.L38:
 533 0070 00380140 		.word	1073821696
 534 0074 00080140 		.word	1073809408
 535              		.cfi_endproc
 536              	.LFE70:
 538              		.section	.text.HAL_UART_MspDeInit,"ax",%progbits
 539              		.align	1
 540              		.global	HAL_UART_MspDeInit
 541              		.syntax unified
 542              		.thumb
 543              		.thumb_func
 544              		.fpu softvfp
 546              	HAL_UART_MspDeInit:
 547              	.LVL23:
 548              	.LFB71:
 248:Core/Src/stm32f1xx_hal_msp.c **** 
ARM GAS  /tmp/ccJm24MA.s 			page 16


 249:Core/Src/stm32f1xx_hal_msp.c **** /**
 250:Core/Src/stm32f1xx_hal_msp.c ****   * @brief UART MSP De-Initialization
 251:Core/Src/stm32f1xx_hal_msp.c ****   * This function freeze the hardware resources used in this example
 252:Core/Src/stm32f1xx_hal_msp.c ****   * @param huart: UART handle pointer
 253:Core/Src/stm32f1xx_hal_msp.c ****   * @retval None
 254:Core/Src/stm32f1xx_hal_msp.c ****   */
 255:Core/Src/stm32f1xx_hal_msp.c **** void HAL_UART_MspDeInit(UART_HandleTypeDef* huart)
 256:Core/Src/stm32f1xx_hal_msp.c **** {
 549              		.loc 1 256 1 is_stmt 1 view -0
 550              		.cfi_startproc
 551              		@ args = 0, pretend = 0, frame = 0
 552              		@ frame_needed = 0, uses_anonymous_args = 0
 553              		.loc 1 256 1 is_stmt 0 view .LVU139
 554 0000 08B5     		push	{r3, lr}
 555              	.LCFI13:
 556              		.cfi_def_cfa_offset 8
 557              		.cfi_offset 3, -8
 558              		.cfi_offset 14, -4
 257:Core/Src/stm32f1xx_hal_msp.c ****   if(huart->Instance==USART1)
 559              		.loc 1 257 3 is_stmt 1 view .LVU140
 560              		.loc 1 257 11 is_stmt 0 view .LVU141
 561 0002 0268     		ldr	r2, [r0]
 562              		.loc 1 257 5 view .LVU142
 563 0004 074B     		ldr	r3, .L44
 564 0006 9A42     		cmp	r2, r3
 565 0008 00D0     		beq	.L43
 566              	.LVL24:
 567              	.L40:
 258:Core/Src/stm32f1xx_hal_msp.c ****   {
 259:Core/Src/stm32f1xx_hal_msp.c ****     /* USER CODE BEGIN USART1_MspDeInit 0 */
 260:Core/Src/stm32f1xx_hal_msp.c **** 
 261:Core/Src/stm32f1xx_hal_msp.c ****     /* USER CODE END USART1_MspDeInit 0 */
 262:Core/Src/stm32f1xx_hal_msp.c ****     /* Peripheral clock disable */
 263:Core/Src/stm32f1xx_hal_msp.c ****     __HAL_RCC_USART1_CLK_DISABLE();
 264:Core/Src/stm32f1xx_hal_msp.c **** 
 265:Core/Src/stm32f1xx_hal_msp.c ****     /**USART1 GPIO Configuration
 266:Core/Src/stm32f1xx_hal_msp.c ****     PA9     ------> USART1_TX
 267:Core/Src/stm32f1xx_hal_msp.c ****     PA10     ------> USART1_RX
 268:Core/Src/stm32f1xx_hal_msp.c ****     */
 269:Core/Src/stm32f1xx_hal_msp.c ****     HAL_GPIO_DeInit(GPIOA, GPIO_PIN_9|GPIO_PIN_10);
 270:Core/Src/stm32f1xx_hal_msp.c **** 
 271:Core/Src/stm32f1xx_hal_msp.c ****     /* USER CODE BEGIN USART1_MspDeInit 1 */
 272:Core/Src/stm32f1xx_hal_msp.c **** 
 273:Core/Src/stm32f1xx_hal_msp.c ****     /* USER CODE END USART1_MspDeInit 1 */
 274:Core/Src/stm32f1xx_hal_msp.c ****   }
 275:Core/Src/stm32f1xx_hal_msp.c **** 
 276:Core/Src/stm32f1xx_hal_msp.c **** }
 568              		.loc 1 276 1 view .LVU143
 569 000a 08BD     		pop	{r3, pc}
 570              	.LVL25:
 571              	.L43:
 263:Core/Src/stm32f1xx_hal_msp.c **** 
 572              		.loc 1 263 5 is_stmt 1 view .LVU144
 573 000c 064A     		ldr	r2, .L44+4
 574 000e 9369     		ldr	r3, [r2, #24]
 575 0010 23F48043 		bic	r3, r3, #16384
 576 0014 9361     		str	r3, [r2, #24]
ARM GAS  /tmp/ccJm24MA.s 			page 17


 269:Core/Src/stm32f1xx_hal_msp.c **** 
 577              		.loc 1 269 5 view .LVU145
 578 0016 4FF4C061 		mov	r1, #1536
 579 001a 0448     		ldr	r0, .L44+8
 580              	.LVL26:
 269:Core/Src/stm32f1xx_hal_msp.c **** 
 581              		.loc 1 269 5 is_stmt 0 view .LVU146
 582 001c FFF7FEFF 		bl	HAL_GPIO_DeInit
 583              	.LVL27:
 584              		.loc 1 276 1 view .LVU147
 585 0020 F3E7     		b	.L40
 586              	.L45:
 587 0022 00BF     		.align	2
 588              	.L44:
 589 0024 00380140 		.word	1073821696
 590 0028 00100240 		.word	1073876992
 591 002c 00080140 		.word	1073809408
 592              		.cfi_endproc
 593              	.LFE71:
 595              		.text
 596              	.Letext0:
 597              		.file 2 "/usr/lib/gcc/arm-none-eabi/10.3.1/include/stdint.h"
 598              		.file 3 "Drivers/CMSIS/Device/ST/STM32F1xx/Include/stm32f103xb.h"
 599              		.file 4 "Drivers/CMSIS/Device/ST/STM32F1xx/Include/stm32f1xx.h"
 600              		.file 5 "Drivers/STM32F1xx_HAL_Driver/Inc/stm32f1xx_hal_def.h"
 601              		.file 6 "Drivers/STM32F1xx_HAL_Driver/Inc/stm32f1xx_hal_gpio.h"
 602              		.file 7 "Drivers/STM32F1xx_HAL_Driver/Inc/stm32f1xx_hal_dma.h"
 603              		.file 8 "Drivers/STM32F1xx_HAL_Driver/Inc/stm32f1xx_hal_adc.h"
 604              		.file 9 "Drivers/STM32F1xx_HAL_Driver/Inc/stm32f1xx_hal_tim.h"
 605              		.file 10 "Drivers/STM32F1xx_HAL_Driver/Inc/stm32f1xx_hal_uart.h"
 606              		.file 11 "Core/Inc/main.h"
ARM GAS  /tmp/ccJm24MA.s 			page 18


DEFINED SYMBOLS
                            *ABS*:0000000000000000 stm32f1xx_hal_msp.c
     /tmp/ccJm24MA.s:16     .text.HAL_MspInit:0000000000000000 $t
     /tmp/ccJm24MA.s:24     .text.HAL_MspInit:0000000000000000 HAL_MspInit
     /tmp/ccJm24MA.s:91     .text.HAL_MspInit:000000000000003c $d
     /tmp/ccJm24MA.s:97     .text.HAL_ADC_MspInit:0000000000000000 $t
     /tmp/ccJm24MA.s:104    .text.HAL_ADC_MspInit:0000000000000000 HAL_ADC_MspInit
     /tmp/ccJm24MA.s:250    .text.HAL_ADC_MspInit:000000000000008c $d
     /tmp/ccJm24MA.s:258    .text.HAL_ADC_MspDeInit:0000000000000000 $t
     /tmp/ccJm24MA.s:265    .text.HAL_ADC_MspDeInit:0000000000000000 HAL_ADC_MspDeInit
     /tmp/ccJm24MA.s:311    .text.HAL_ADC_MspDeInit:0000000000000028 $d
     /tmp/ccJm24MA.s:318    .text.HAL_TIM_Base_MspInit:0000000000000000 $t
     /tmp/ccJm24MA.s:325    .text.HAL_TIM_Base_MspInit:0000000000000000 HAL_TIM_Base_MspInit
     /tmp/ccJm24MA.s:371    .text.HAL_TIM_Base_MspDeInit:0000000000000000 $t
     /tmp/ccJm24MA.s:378    .text.HAL_TIM_Base_MspDeInit:0000000000000000 HAL_TIM_Base_MspDeInit
     /tmp/ccJm24MA.s:406    .text.HAL_TIM_Base_MspDeInit:0000000000000018 $d
     /tmp/ccJm24MA.s:411    .text.HAL_UART_MspInit:0000000000000000 $t
     /tmp/ccJm24MA.s:418    .text.HAL_UART_MspInit:0000000000000000 HAL_UART_MspInit
     /tmp/ccJm24MA.s:533    .text.HAL_UART_MspInit:0000000000000070 $d
     /tmp/ccJm24MA.s:539    .text.HAL_UART_MspDeInit:0000000000000000 $t
     /tmp/ccJm24MA.s:546    .text.HAL_UART_MspDeInit:0000000000000000 HAL_UART_MspDeInit
     /tmp/ccJm24MA.s:589    .text.HAL_UART_MspDeInit:0000000000000024 $d

UNDEFINED SYMBOLS
HAL_GPIO_Init
HAL_DMA_Init
Error_Handler
hdma_adc1
HAL_GPIO_DeInit
HAL_DMA_DeInit
