ARM GAS  /tmp/cczCgw4D.s 			page 1


   1              		.cpu cortex-m3
   2              		.eabi_attribute 20, 1
   3              		.eabi_attribute 21, 1
   4              		.eabi_attribute 23, 3
   5              		.eabi_attribute 24, 1
   6              		.eabi_attribute 25, 1
   7              		.eabi_attribute 26, 1
   8              		.eabi_attribute 30, 1
   9              		.eabi_attribute 34, 1
  10              		.eabi_attribute 18, 4
  11              		.file	"main.c"
  12              		.text
  13              	.Ltext0:
  14              		.cfi_sections	.debug_frame
  15              		.section	.text.MX_GPIO_Init,"ax",%progbits
  16              		.align	1
  17              		.arch armv7-m
  18              		.syntax unified
  19              		.thumb
  20              		.thumb_func
  21              		.fpu softvfp
  23              	MX_GPIO_Init:
  24              	.LFB72:
  25              		.file 1 "Core/Src/main.c"
   1:Core/Src/main.c **** /* USER CODE BEGIN Header */
   2:Core/Src/main.c **** /**
   3:Core/Src/main.c ****   ******************************************************************************
   4:Core/Src/main.c ****   * @file           : main.c
   5:Core/Src/main.c ****   * @brief          : Main program body
   6:Core/Src/main.c ****   ******************************************************************************
   7:Core/Src/main.c ****   * @attention
   8:Core/Src/main.c ****   *
   9:Core/Src/main.c ****   * Copyright (c) 2026 STMicroelectronics.
  10:Core/Src/main.c ****   * All rights reserved.
  11:Core/Src/main.c ****   *
  12:Core/Src/main.c ****   * This software is licensed under terms that can be found in the LICENSE file
  13:Core/Src/main.c ****   * in the root directory of this software component.
  14:Core/Src/main.c ****   * If no LICENSE file comes with this software, it is provided AS-IS.
  15:Core/Src/main.c ****   *
  16:Core/Src/main.c ****   ******************************************************************************
  17:Core/Src/main.c ****   */
  18:Core/Src/main.c **** /* USER CODE END Header */
  19:Core/Src/main.c **** /* Includes ------------------------------------------------------------------*/
  20:Core/Src/main.c **** #include "main.h"
  21:Core/Src/main.c **** 
  22:Core/Src/main.c **** /* Private includes ----------------------------------------------------------*/
  23:Core/Src/main.c **** /* USER CODE BEGIN Includes */
  24:Core/Src/main.c **** #include <stdio.h>
  25:Core/Src/main.c **** #include <string.h>
  26:Core/Src/main.c **** /* USER CODE END Includes */
  27:Core/Src/main.c **** 
  28:Core/Src/main.c **** /* Private typedef -----------------------------------------------------------*/
  29:Core/Src/main.c **** /* USER CODE BEGIN PTD */
  30:Core/Src/main.c **** #define BTN_Pin           BTN_Pin_Pin
  31:Core/Src/main.c **** 
  32:Core/Src/main.c **** #define ID_LOP            "D23HTN-01"
  33:Core/Src/main.c **** #define ID_NHOM           "02"
ARM GAS  /tmp/cczCgw4D.s 			page 2


  34:Core/Src/main.c **** 
  35:Core/Src/main.c **** volatile uint32_t btn_press_count = 0; // Biến đếm số lần nhấn nút
  36:Core/Src/main.c **** char uart_tx_buffer[64];               // Buffer lưu bản tin truyền DMA
  37:Core/Src/main.c **** volatile uint8_t uart_dma_busy = 0;
  38:Core/Src/main.c **** /* USER CODE END PTD */
  39:Core/Src/main.c **** 
  40:Core/Src/main.c **** /* Private define ------------------------------------------------------------*/
  41:Core/Src/main.c **** /* USER CODE BEGIN PD */
  42:Core/Src/main.c **** 
  43:Core/Src/main.c **** /* USER CODE END PD */
  44:Core/Src/main.c **** 
  45:Core/Src/main.c **** /* Private macro -------------------------------------------------------------*/
  46:Core/Src/main.c **** /* USER CODE BEGIN PM */
  47:Core/Src/main.c **** 
  48:Core/Src/main.c **** /* USER CODE END PM */
  49:Core/Src/main.c **** 
  50:Core/Src/main.c **** /* Private variables ---------------------------------------------------------*/
  51:Core/Src/main.c **** UART_HandleTypeDef huart1;
  52:Core/Src/main.c **** DMA_HandleTypeDef hdma_usart1_tx;
  53:Core/Src/main.c **** 
  54:Core/Src/main.c **** /* USER CODE BEGIN PV */
  55:Core/Src/main.c **** 
  56:Core/Src/main.c **** /* USER CODE END PV */
  57:Core/Src/main.c **** 
  58:Core/Src/main.c **** /* Private function prototypes -----------------------------------------------*/
  59:Core/Src/main.c **** void SystemClock_Config(void);
  60:Core/Src/main.c **** static void MX_GPIO_Init(void);
  61:Core/Src/main.c **** static void MX_DMA_Init(void);
  62:Core/Src/main.c **** static void MX_USART1_UART_Init(void);
  63:Core/Src/main.c **** /* USER CODE BEGIN PFP */
  64:Core/Src/main.c **** 
  65:Core/Src/main.c **** /* USER CODE END PFP */
  66:Core/Src/main.c **** 
  67:Core/Src/main.c **** /* Private user code ---------------------------------------------------------*/
  68:Core/Src/main.c **** /* USER CODE BEGIN 0 */
  69:Core/Src/main.c **** 
  70:Core/Src/main.c **** /* USER CODE END 0 */
  71:Core/Src/main.c **** 
  72:Core/Src/main.c **** /**
  73:Core/Src/main.c ****   * @brief  The application entry point.
  74:Core/Src/main.c ****   * @retval int
  75:Core/Src/main.c ****   */
  76:Core/Src/main.c **** int main(void)
  77:Core/Src/main.c **** {
  78:Core/Src/main.c **** 
  79:Core/Src/main.c ****   /* USER CODE BEGIN 1 */
  80:Core/Src/main.c **** 
  81:Core/Src/main.c ****   /* USER CODE END 1 */
  82:Core/Src/main.c **** 
  83:Core/Src/main.c ****   /* MCU Configuration--------------------------------------------------------*/
  84:Core/Src/main.c **** 
  85:Core/Src/main.c ****   /* Reset of all peripherals, Initializes the Flash interface and the Systick. */
  86:Core/Src/main.c ****   HAL_Init();
  87:Core/Src/main.c **** 
  88:Core/Src/main.c ****   /* USER CODE BEGIN Init */
  89:Core/Src/main.c **** 
  90:Core/Src/main.c ****   /* USER CODE END Init */
ARM GAS  /tmp/cczCgw4D.s 			page 3


  91:Core/Src/main.c **** 
  92:Core/Src/main.c ****   /* Configure the system clock */
  93:Core/Src/main.c ****   SystemClock_Config();
  94:Core/Src/main.c **** 
  95:Core/Src/main.c ****   /* USER CODE BEGIN SysInit */
  96:Core/Src/main.c **** 
  97:Core/Src/main.c ****   /* USER CODE END SysInit */
  98:Core/Src/main.c **** 
  99:Core/Src/main.c ****   /* Initialize all configured peripherals */
 100:Core/Src/main.c ****   MX_GPIO_Init();
 101:Core/Src/main.c ****   MX_DMA_Init();
 102:Core/Src/main.c ****   MX_USART1_UART_Init();
 103:Core/Src/main.c ****   /* USER CODE BEGIN 2 */
 104:Core/Src/main.c **** 
 105:Core/Src/main.c ****   /* USER CODE END 2 */
 106:Core/Src/main.c **** 
 107:Core/Src/main.c ****   /* Infinite loop */
 108:Core/Src/main.c ****   /* USER CODE BEGIN WHILE */
 109:Core/Src/main.c ****   while (1)
 110:Core/Src/main.c ****   {
 111:Core/Src/main.c ****     /* USER CODE END WHILE */
 112:Core/Src/main.c **** 
 113:Core/Src/main.c ****     /* USER CODE BEGIN 3 */
 114:Core/Src/main.c ****   }
 115:Core/Src/main.c ****   /* USER CODE END 3 */
 116:Core/Src/main.c **** }
 117:Core/Src/main.c **** 
 118:Core/Src/main.c **** /**
 119:Core/Src/main.c ****   * @brief System Clock Configuration
 120:Core/Src/main.c ****   * @retval None
 121:Core/Src/main.c ****   */
 122:Core/Src/main.c **** void SystemClock_Config(void)
 123:Core/Src/main.c **** {
 124:Core/Src/main.c ****   RCC_OscInitTypeDef RCC_OscInitStruct = {0};
 125:Core/Src/main.c ****   RCC_ClkInitTypeDef RCC_ClkInitStruct = {0};
 126:Core/Src/main.c **** 
 127:Core/Src/main.c ****   /** Initializes the RCC Oscillators according to the specified parameters
 128:Core/Src/main.c ****   * in the RCC_OscInitTypeDef structure.
 129:Core/Src/main.c ****   */
 130:Core/Src/main.c ****   RCC_OscInitStruct.OscillatorType = RCC_OSCILLATORTYPE_HSE;
 131:Core/Src/main.c ****   RCC_OscInitStruct.HSEState = RCC_HSE_ON;
 132:Core/Src/main.c ****   RCC_OscInitStruct.HSEPredivValue = RCC_HSE_PREDIV_DIV1;
 133:Core/Src/main.c ****   RCC_OscInitStruct.HSIState = RCC_HSI_ON;
 134:Core/Src/main.c ****   RCC_OscInitStruct.PLL.PLLState = RCC_PLL_ON;
 135:Core/Src/main.c ****   RCC_OscInitStruct.PLL.PLLSource = RCC_PLLSOURCE_HSE;
 136:Core/Src/main.c ****   RCC_OscInitStruct.PLL.PLLMUL = RCC_PLL_MUL9;
 137:Core/Src/main.c ****   if (HAL_RCC_OscConfig(&RCC_OscInitStruct) != HAL_OK)
 138:Core/Src/main.c ****   {
 139:Core/Src/main.c ****     Error_Handler();
 140:Core/Src/main.c ****   }
 141:Core/Src/main.c **** 
 142:Core/Src/main.c ****   /** Initializes the CPU, AHB and APB buses clocks
 143:Core/Src/main.c ****   */
 144:Core/Src/main.c ****   RCC_ClkInitStruct.ClockType = RCC_CLOCKTYPE_HCLK|RCC_CLOCKTYPE_SYSCLK
 145:Core/Src/main.c ****                               |RCC_CLOCKTYPE_PCLK1|RCC_CLOCKTYPE_PCLK2;
 146:Core/Src/main.c ****   RCC_ClkInitStruct.SYSCLKSource = RCC_SYSCLKSOURCE_PLLCLK;
 147:Core/Src/main.c ****   RCC_ClkInitStruct.AHBCLKDivider = RCC_SYSCLK_DIV1;
ARM GAS  /tmp/cczCgw4D.s 			page 4


 148:Core/Src/main.c ****   RCC_ClkInitStruct.APB1CLKDivider = RCC_HCLK_DIV2;
 149:Core/Src/main.c ****   RCC_ClkInitStruct.APB2CLKDivider = RCC_HCLK_DIV1;
 150:Core/Src/main.c **** 
 151:Core/Src/main.c ****   if (HAL_RCC_ClockConfig(&RCC_ClkInitStruct, FLASH_LATENCY_2) != HAL_OK)
 152:Core/Src/main.c ****   {
 153:Core/Src/main.c ****     Error_Handler();
 154:Core/Src/main.c ****   }
 155:Core/Src/main.c **** }
 156:Core/Src/main.c **** 
 157:Core/Src/main.c **** /**
 158:Core/Src/main.c ****   * @brief USART1 Initialization Function
 159:Core/Src/main.c ****   * @param None
 160:Core/Src/main.c ****   * @retval None
 161:Core/Src/main.c ****   */
 162:Core/Src/main.c **** static void MX_USART1_UART_Init(void)
 163:Core/Src/main.c **** {
 164:Core/Src/main.c **** 
 165:Core/Src/main.c ****   /* USER CODE BEGIN USART1_Init 0 */
 166:Core/Src/main.c **** 
 167:Core/Src/main.c ****   /* USER CODE END USART1_Init 0 */
 168:Core/Src/main.c **** 
 169:Core/Src/main.c ****   /* USER CODE BEGIN USART1_Init 1 */
 170:Core/Src/main.c **** 
 171:Core/Src/main.c ****   /* USER CODE END USART1_Init 1 */
 172:Core/Src/main.c ****   huart1.Instance = USART1;
 173:Core/Src/main.c ****   huart1.Init.BaudRate = 115200;
 174:Core/Src/main.c ****   huart1.Init.WordLength = UART_WORDLENGTH_8B;
 175:Core/Src/main.c ****   huart1.Init.StopBits = UART_STOPBITS_1;
 176:Core/Src/main.c ****   huart1.Init.Parity = UART_PARITY_NONE;
 177:Core/Src/main.c ****   huart1.Init.Mode = UART_MODE_TX_RX;
 178:Core/Src/main.c ****   huart1.Init.HwFlowCtl = UART_HWCONTROL_NONE;
 179:Core/Src/main.c ****   huart1.Init.OverSampling = UART_OVERSAMPLING_16;
 180:Core/Src/main.c ****   if (HAL_UART_Init(&huart1) != HAL_OK)
 181:Core/Src/main.c ****   {
 182:Core/Src/main.c ****     Error_Handler();
 183:Core/Src/main.c ****   }
 184:Core/Src/main.c ****   /* USER CODE BEGIN USART1_Init 2 */
 185:Core/Src/main.c **** 
 186:Core/Src/main.c ****   /* USER CODE END USART1_Init 2 */
 187:Core/Src/main.c **** 
 188:Core/Src/main.c **** }
 189:Core/Src/main.c **** 
 190:Core/Src/main.c **** /**
 191:Core/Src/main.c ****   * Enable DMA controller clock
 192:Core/Src/main.c ****   */
 193:Core/Src/main.c **** static void MX_DMA_Init(void)
 194:Core/Src/main.c **** {
 195:Core/Src/main.c **** 
 196:Core/Src/main.c ****   /* DMA controller clock enable */
 197:Core/Src/main.c ****   __HAL_RCC_DMA1_CLK_ENABLE();
 198:Core/Src/main.c **** 
 199:Core/Src/main.c ****   /* DMA interrupt init */
 200:Core/Src/main.c ****   /* DMA1_Channel4_IRQn interrupt configuration */
 201:Core/Src/main.c ****   HAL_NVIC_SetPriority(DMA1_Channel4_IRQn, 0, 0);
 202:Core/Src/main.c ****   HAL_NVIC_EnableIRQ(DMA1_Channel4_IRQn);
 203:Core/Src/main.c **** 
 204:Core/Src/main.c **** }
ARM GAS  /tmp/cczCgw4D.s 			page 5


 205:Core/Src/main.c **** 
 206:Core/Src/main.c **** /**
 207:Core/Src/main.c ****   * @brief GPIO Initialization Function
 208:Core/Src/main.c ****   * @param None
 209:Core/Src/main.c ****   * @retval None
 210:Core/Src/main.c ****   */
 211:Core/Src/main.c **** static void MX_GPIO_Init(void)
 212:Core/Src/main.c **** {
  26              		.loc 1 212 1 view -0
  27              		.cfi_startproc
  28              		@ args = 0, pretend = 0, frame = 24
  29              		@ frame_needed = 0, uses_anonymous_args = 0
  30 0000 10B5     		push	{r4, lr}
  31              	.LCFI0:
  32              		.cfi_def_cfa_offset 8
  33              		.cfi_offset 4, -8
  34              		.cfi_offset 14, -4
  35 0002 86B0     		sub	sp, sp, #24
  36              	.LCFI1:
  37              		.cfi_def_cfa_offset 32
 213:Core/Src/main.c ****   GPIO_InitTypeDef GPIO_InitStruct = {0};
  38              		.loc 1 213 3 view .LVU1
  39              		.loc 1 213 20 is_stmt 0 view .LVU2
  40 0004 0024     		movs	r4, #0
  41 0006 0294     		str	r4, [sp, #8]
  42 0008 0394     		str	r4, [sp, #12]
  43 000a 0494     		str	r4, [sp, #16]
  44 000c 0594     		str	r4, [sp, #20]
 214:Core/Src/main.c ****   /* USER CODE BEGIN MX_GPIO_Init_1 */
 215:Core/Src/main.c **** 
 216:Core/Src/main.c ****   /* USER CODE END MX_GPIO_Init_1 */
 217:Core/Src/main.c **** 
 218:Core/Src/main.c ****   /* GPIO Ports Clock Enable */
 219:Core/Src/main.c ****   __HAL_RCC_GPIOD_CLK_ENABLE();
  45              		.loc 1 219 3 is_stmt 1 view .LVU3
  46              	.LBB4:
  47              		.loc 1 219 3 view .LVU4
  48              		.loc 1 219 3 view .LVU5
  49 000e 134B     		ldr	r3, .L3
  50 0010 9A69     		ldr	r2, [r3, #24]
  51 0012 42F02002 		orr	r2, r2, #32
  52 0016 9A61     		str	r2, [r3, #24]
  53              		.loc 1 219 3 view .LVU6
  54 0018 9A69     		ldr	r2, [r3, #24]
  55 001a 02F02002 		and	r2, r2, #32
  56 001e 0092     		str	r2, [sp]
  57              		.loc 1 219 3 view .LVU7
  58 0020 009A     		ldr	r2, [sp]
  59              	.LBE4:
  60              		.loc 1 219 3 view .LVU8
 220:Core/Src/main.c ****   __HAL_RCC_GPIOA_CLK_ENABLE();
  61              		.loc 1 220 3 view .LVU9
  62              	.LBB5:
  63              		.loc 1 220 3 view .LVU10
  64              		.loc 1 220 3 view .LVU11
  65 0022 9A69     		ldr	r2, [r3, #24]
  66 0024 42F00402 		orr	r2, r2, #4
ARM GAS  /tmp/cczCgw4D.s 			page 6


  67 0028 9A61     		str	r2, [r3, #24]
  68              		.loc 1 220 3 view .LVU12
  69 002a 9B69     		ldr	r3, [r3, #24]
  70 002c 03F00403 		and	r3, r3, #4
  71 0030 0193     		str	r3, [sp, #4]
  72              		.loc 1 220 3 view .LVU13
  73 0032 019B     		ldr	r3, [sp, #4]
  74              	.LBE5:
  75              		.loc 1 220 3 view .LVU14
 221:Core/Src/main.c **** 
 222:Core/Src/main.c ****   /*Configure GPIO pin : BTN_Pin_Pin */
 223:Core/Src/main.c ****   GPIO_InitStruct.Pin = BTN_Pin_Pin;
  76              		.loc 1 223 3 view .LVU15
  77              		.loc 1 223 23 is_stmt 0 view .LVU16
  78 0034 0123     		movs	r3, #1
  79 0036 0293     		str	r3, [sp, #8]
 224:Core/Src/main.c ****   GPIO_InitStruct.Mode = GPIO_MODE_IT_FALLING;
  80              		.loc 1 224 3 is_stmt 1 view .LVU17
  81              		.loc 1 224 24 is_stmt 0 view .LVU18
  82 0038 094A     		ldr	r2, .L3+4
  83 003a 0392     		str	r2, [sp, #12]
 225:Core/Src/main.c ****   GPIO_InitStruct.Pull = GPIO_PULLUP;
  84              		.loc 1 225 3 is_stmt 1 view .LVU19
  85              		.loc 1 225 24 is_stmt 0 view .LVU20
  86 003c 0493     		str	r3, [sp, #16]
 226:Core/Src/main.c ****   HAL_GPIO_Init(BTN_Pin_GPIO_Port, &GPIO_InitStruct);
  87              		.loc 1 226 3 is_stmt 1 view .LVU21
  88 003e 02A9     		add	r1, sp, #8
  89 0040 0848     		ldr	r0, .L3+8
  90 0042 FFF7FEFF 		bl	HAL_GPIO_Init
  91              	.LVL0:
 227:Core/Src/main.c **** 
 228:Core/Src/main.c ****   /* EXTI interrupt init*/
 229:Core/Src/main.c ****   HAL_NVIC_SetPriority(EXTI0_IRQn, 2, 0);
  92              		.loc 1 229 3 view .LVU22
  93 0046 2246     		mov	r2, r4
  94 0048 0221     		movs	r1, #2
  95 004a 0620     		movs	r0, #6
  96 004c FFF7FEFF 		bl	HAL_NVIC_SetPriority
  97              	.LVL1:
 230:Core/Src/main.c ****   HAL_NVIC_EnableIRQ(EXTI0_IRQn);
  98              		.loc 1 230 3 view .LVU23
  99 0050 0620     		movs	r0, #6
 100 0052 FFF7FEFF 		bl	HAL_NVIC_EnableIRQ
 101              	.LVL2:
 231:Core/Src/main.c **** 
 232:Core/Src/main.c ****   /* USER CODE BEGIN MX_GPIO_Init_2 */
 233:Core/Src/main.c **** 
 234:Core/Src/main.c ****   /* USER CODE END MX_GPIO_Init_2 */
 235:Core/Src/main.c **** }
 102              		.loc 1 235 1 is_stmt 0 view .LVU24
 103 0056 06B0     		add	sp, sp, #24
 104              	.LCFI2:
 105              		.cfi_def_cfa_offset 8
 106              		@ sp needed
 107 0058 10BD     		pop	{r4, pc}
 108              	.L4:
ARM GAS  /tmp/cczCgw4D.s 			page 7


 109 005a 00BF     		.align	2
 110              	.L3:
 111 005c 00100240 		.word	1073876992
 112 0060 00002110 		.word	270598144
 113 0064 00080140 		.word	1073809408
 114              		.cfi_endproc
 115              	.LFE72:
 117              		.section	.text.MX_DMA_Init,"ax",%progbits
 118              		.align	1
 119              		.syntax unified
 120              		.thumb
 121              		.thumb_func
 122              		.fpu softvfp
 124              	MX_DMA_Init:
 125              	.LFB71:
 194:Core/Src/main.c **** 
 126              		.loc 1 194 1 is_stmt 1 view -0
 127              		.cfi_startproc
 128              		@ args = 0, pretend = 0, frame = 8
 129              		@ frame_needed = 0, uses_anonymous_args = 0
 130 0000 00B5     		push	{lr}
 131              	.LCFI3:
 132              		.cfi_def_cfa_offset 4
 133              		.cfi_offset 14, -4
 134 0002 83B0     		sub	sp, sp, #12
 135              	.LCFI4:
 136              		.cfi_def_cfa_offset 16
 197:Core/Src/main.c **** 
 137              		.loc 1 197 3 view .LVU26
 138              	.LBB6:
 197:Core/Src/main.c **** 
 139              		.loc 1 197 3 view .LVU27
 197:Core/Src/main.c **** 
 140              		.loc 1 197 3 view .LVU28
 141 0004 0A4B     		ldr	r3, .L7
 142 0006 5A69     		ldr	r2, [r3, #20]
 143 0008 42F00102 		orr	r2, r2, #1
 144 000c 5A61     		str	r2, [r3, #20]
 197:Core/Src/main.c **** 
 145              		.loc 1 197 3 view .LVU29
 146 000e 5B69     		ldr	r3, [r3, #20]
 147 0010 03F00103 		and	r3, r3, #1
 148 0014 0193     		str	r3, [sp, #4]
 197:Core/Src/main.c **** 
 149              		.loc 1 197 3 view .LVU30
 150 0016 019B     		ldr	r3, [sp, #4]
 151              	.LBE6:
 197:Core/Src/main.c **** 
 152              		.loc 1 197 3 view .LVU31
 201:Core/Src/main.c ****   HAL_NVIC_EnableIRQ(DMA1_Channel4_IRQn);
 153              		.loc 1 201 3 view .LVU32
 154 0018 0022     		movs	r2, #0
 155 001a 1146     		mov	r1, r2
 156 001c 0E20     		movs	r0, #14
 157 001e FFF7FEFF 		bl	HAL_NVIC_SetPriority
 158              	.LVL3:
 202:Core/Src/main.c **** 
ARM GAS  /tmp/cczCgw4D.s 			page 8


 159              		.loc 1 202 3 view .LVU33
 160 0022 0E20     		movs	r0, #14
 161 0024 FFF7FEFF 		bl	HAL_NVIC_EnableIRQ
 162              	.LVL4:
 204:Core/Src/main.c **** 
 163              		.loc 1 204 1 is_stmt 0 view .LVU34
 164 0028 03B0     		add	sp, sp, #12
 165              	.LCFI5:
 166              		.cfi_def_cfa_offset 4
 167              		@ sp needed
 168 002a 5DF804FB 		ldr	pc, [sp], #4
 169              	.L8:
 170 002e 00BF     		.align	2
 171              	.L7:
 172 0030 00100240 		.word	1073876992
 173              		.cfi_endproc
 174              	.LFE71:
 176              		.section	.rodata.HAL_GPIO_EXTI_Callback.str1.4,"aMS",%progbits,1
 177              		.align	2
 178              	.LC0:
 179 0000 44323348 		.ascii	"D23HTN-01\000"
 179      544E2D30 
 179      3100
 180 000a 0000     		.align	2
 181              	.LC1:
 182 000c 25732573 		.ascii	"%s%s:BTN:%lu\012\015\000"
 182      3A42544E 
 182      3A256C75 
 182      0A0D00
 183 001b 00       		.align	2
 184              	.LC2:
 185 001c 303200   		.ascii	"02\000"
 186              		.section	.text.HAL_GPIO_EXTI_Callback,"ax",%progbits
 187              		.align	1
 188              		.global	HAL_GPIO_EXTI_Callback
 189              		.syntax unified
 190              		.thumb
 191              		.thumb_func
 192              		.fpu softvfp
 194              	HAL_GPIO_EXTI_Callback:
 195              	.LVL5:
 196              	.LFB73:
 236:Core/Src/main.c **** 
 237:Core/Src/main.c **** /* USER CODE BEGIN 4 */
 238:Core/Src/main.c **** void HAL_GPIO_EXTI_Callback(uint16_t GPIO_Pin)
 239:Core/Src/main.c **** {
 197              		.loc 1 239 1 is_stmt 1 view -0
 198              		.cfi_startproc
 199              		@ args = 0, pretend = 0, frame = 0
 200              		@ frame_needed = 0, uses_anonymous_args = 0
 240:Core/Src/main.c ****     if (GPIO_Pin == BTN_Pin)
 201              		.loc 1 240 5 view .LVU36
 202              		.loc 1 240 8 is_stmt 0 view .LVU37
 203 0000 0128     		cmp	r0, #1
 204 0002 00D0     		beq	.L15
 205 0004 7047     		bx	lr
 206              	.L15:
ARM GAS  /tmp/cczCgw4D.s 			page 9


 239:Core/Src/main.c ****     if (GPIO_Pin == BTN_Pin)
 207              		.loc 1 239 1 view .LVU38
 208 0006 10B5     		push	{r4, lr}
 209              	.LCFI6:
 210              		.cfi_def_cfa_offset 8
 211              		.cfi_offset 4, -8
 212              		.cfi_offset 14, -4
 213 0008 82B0     		sub	sp, sp, #8
 214              	.LCFI7:
 215              		.cfi_def_cfa_offset 16
 216              	.LBB7:
 241:Core/Src/main.c ****     {
 242:Core/Src/main.c ****         // Chống rung phím đơn giản (debounce) bằng thời gian tick
 243:Core/Src/main.c ****         static uint32_t last_press_tick = 0;
 217              		.loc 1 243 9 is_stmt 1 view .LVU39
 244:Core/Src/main.c ****         if (HAL_GetTick() - last_press_tick > 200)
 218              		.loc 1 244 9 view .LVU40
 219              		.loc 1 244 13 is_stmt 0 view .LVU41
 220 000a FFF7FEFF 		bl	HAL_GetTick
 221              	.LVL6:
 222              		.loc 1 244 27 view .LVU42
 223 000e 134B     		ldr	r3, .L17
 224 0010 1B68     		ldr	r3, [r3]
 225 0012 C01A     		subs	r0, r0, r3
 226              		.loc 1 244 12 view .LVU43
 227 0014 C828     		cmp	r0, #200
 228 0016 01D8     		bhi	.L16
 229              	.L9:
 230              	.LBE7:
 245:Core/Src/main.c ****         {
 246:Core/Src/main.c ****             last_press_tick = HAL_GetTick();
 247:Core/Src/main.c ****             btn_press_count++; // Tăng giá trị nút nhấn
 248:Core/Src/main.c **** 
 249:Core/Src/main.c ****             // Nếu DMA không bận, thực hiện gửi bản tin ngay
 250:Core/Src/main.c ****             if (!uart_dma_busy)
 251:Core/Src/main.c ****             {
 252:Core/Src/main.c ****                 // Định dạng chuỗi: <ID-Lớp><ID-Nhóm>:BTN:<Giá trị nút nhấn>\n\r
 253:Core/Src/main.c ****                 int len = snprintf(uart_tx_buffer, sizeof(uart_tx_buffer), 
 254:Core/Src/main.c ****                                    "%s%s:BTN:%lu\n\r", 
 255:Core/Src/main.c ****                                    ID_LOP, ID_NHOM, btn_press_count);
 256:Core/Src/main.c **** 
 257:Core/Src/main.c ****                 uart_dma_busy = 1; // Khóa lại, đánh dấu DMA đang bận
 258:Core/Src/main.c **** 
 259:Core/Src/main.c ****                 // Gửi qua DMA (hàm trả về ngay, không chặn CPU)
 260:Core/Src/main.c ****                 HAL_UART_Transmit_DMA(&huart1, (uint8_t *)uart_tx_buffer, len);
 261:Core/Src/main.c ****             }
 262:Core/Src/main.c ****         }
 263:Core/Src/main.c ****     }
 264:Core/Src/main.c **** }
 231              		.loc 1 264 1 view .LVU44
 232 0018 02B0     		add	sp, sp, #8
 233              	.LCFI8:
 234              		.cfi_remember_state
 235              		.cfi_def_cfa_offset 8
 236              		@ sp needed
 237 001a 10BD     		pop	{r4, pc}
 238              	.L16:
ARM GAS  /tmp/cczCgw4D.s 			page 10


 239              	.LCFI9:
 240              		.cfi_restore_state
 241              	.LBB9:
 246:Core/Src/main.c ****             btn_press_count++; // Tăng giá trị nút nhấn
 242              		.loc 1 246 13 is_stmt 1 view .LVU45
 246:Core/Src/main.c ****             btn_press_count++; // Tăng giá trị nút nhấn
 243              		.loc 1 246 31 is_stmt 0 view .LVU46
 244 001c FFF7FEFF 		bl	HAL_GetTick
 245              	.LVL7:
 246:Core/Src/main.c ****             btn_press_count++; // Tăng giá trị nút nhấn
 246              		.loc 1 246 29 view .LVU47
 247 0020 0E4B     		ldr	r3, .L17
 248 0022 1860     		str	r0, [r3]
 247:Core/Src/main.c **** 
 249              		.loc 1 247 13 is_stmt 1 view .LVU48
 247:Core/Src/main.c **** 
 250              		.loc 1 247 28 is_stmt 0 view .LVU49
 251 0024 0E4A     		ldr	r2, .L17+4
 252 0026 1368     		ldr	r3, [r2]
 253 0028 0133     		adds	r3, r3, #1
 254 002a 1360     		str	r3, [r2]
 250:Core/Src/main.c ****             {
 255              		.loc 1 250 13 is_stmt 1 view .LVU50
 250:Core/Src/main.c ****             {
 256              		.loc 1 250 17 is_stmt 0 view .LVU51
 257 002c 0D4B     		ldr	r3, .L17+8
 258 002e 1B78     		ldrb	r3, [r3]	@ zero_extendqisi2
 250:Core/Src/main.c ****             {
 259              		.loc 1 250 16 view .LVU52
 260 0030 002B     		cmp	r3, #0
 261 0032 F1D1     		bne	.L9
 262              	.LBB8:
 253:Core/Src/main.c ****                                    "%s%s:BTN:%lu\n\r", 
 263              		.loc 1 253 17 is_stmt 1 view .LVU53
 253:Core/Src/main.c ****                                    "%s%s:BTN:%lu\n\r", 
 264              		.loc 1 253 27 is_stmt 0 view .LVU54
 265 0034 1368     		ldr	r3, [r2]
 266 0036 0C4C     		ldr	r4, .L17+12
 267 0038 0193     		str	r3, [sp, #4]
 268 003a 0C4B     		ldr	r3, .L17+16
 269 003c 0093     		str	r3, [sp]
 270 003e 0C4B     		ldr	r3, .L17+20
 271 0040 0C4A     		ldr	r2, .L17+24
 272 0042 4021     		movs	r1, #64
 273 0044 2046     		mov	r0, r4
 274 0046 FFF7FEFF 		bl	snprintf
 275              	.LVL8:
 257:Core/Src/main.c **** 
 276              		.loc 1 257 17 is_stmt 1 view .LVU55
 257:Core/Src/main.c **** 
 277              		.loc 1 257 31 is_stmt 0 view .LVU56
 278 004a 064B     		ldr	r3, .L17+8
 279 004c 0122     		movs	r2, #1
 280 004e 1A70     		strb	r2, [r3]
 260:Core/Src/main.c ****             }
 281              		.loc 1 260 17 is_stmt 1 view .LVU57
 282 0050 82B2     		uxth	r2, r0
ARM GAS  /tmp/cczCgw4D.s 			page 11


 283 0052 2146     		mov	r1, r4
 284 0054 0848     		ldr	r0, .L17+28
 285              	.LVL9:
 260:Core/Src/main.c ****             }
 286              		.loc 1 260 17 is_stmt 0 view .LVU58
 287 0056 FFF7FEFF 		bl	HAL_UART_Transmit_DMA
 288              	.LVL10:
 289              	.LBE8:
 290              	.LBE9:
 291              		.loc 1 264 1 view .LVU59
 292 005a DDE7     		b	.L9
 293              	.L18:
 294              		.align	2
 295              	.L17:
 296 005c 00000000 		.word	.LANCHOR0
 297 0060 00000000 		.word	.LANCHOR1
 298 0064 00000000 		.word	.LANCHOR2
 299 0068 00000000 		.word	.LANCHOR3
 300 006c 1C000000 		.word	.LC2
 301 0070 00000000 		.word	.LC0
 302 0074 0C000000 		.word	.LC1
 303 0078 00000000 		.word	.LANCHOR4
 304              		.cfi_endproc
 305              	.LFE73:
 307              		.section	.text.HAL_UART_TxCpltCallback,"ax",%progbits
 308              		.align	1
 309              		.global	HAL_UART_TxCpltCallback
 310              		.syntax unified
 311              		.thumb
 312              		.thumb_func
 313              		.fpu softvfp
 315              	HAL_UART_TxCpltCallback:
 316              	.LVL11:
 317              	.LFB74:
 265:Core/Src/main.c **** 
 266:Core/Src/main.c **** // Callback tự động gọi khi DMA truyền xong hết dữ liệu ra UART
 267:Core/Src/main.c **** void HAL_UART_TxCpltCallback(UART_HandleTypeDef *huart)
 268:Core/Src/main.c **** {
 318              		.loc 1 268 1 is_stmt 1 view -0
 319              		.cfi_startproc
 320              		@ args = 0, pretend = 0, frame = 0
 321              		@ frame_needed = 0, uses_anonymous_args = 0
 322              		@ link register save eliminated.
 269:Core/Src/main.c ****     if (huart->Instance == USART1)
 323              		.loc 1 269 5 view .LVU61
 324              		.loc 1 269 14 is_stmt 0 view .LVU62
 325 0000 0268     		ldr	r2, [r0]
 326              		.loc 1 269 8 view .LVU63
 327 0002 044B     		ldr	r3, .L22
 328 0004 9A42     		cmp	r2, r3
 329 0006 00D0     		beq	.L21
 330              	.L19:
 270:Core/Src/main.c ****     {
 271:Core/Src/main.c ****         uart_dma_busy = 0; // Mở khóa cờ bận để lần bấm sau có thể gửi tiếp
 272:Core/Src/main.c ****     }
 273:Core/Src/main.c **** }
 331              		.loc 1 273 1 view .LVU64
ARM GAS  /tmp/cczCgw4D.s 			page 12


 332 0008 7047     		bx	lr
 333              	.L21:
 271:Core/Src/main.c ****     }
 334              		.loc 1 271 9 is_stmt 1 view .LVU65
 271:Core/Src/main.c ****     }
 335              		.loc 1 271 23 is_stmt 0 view .LVU66
 336 000a 034B     		ldr	r3, .L22+4
 337 000c 0022     		movs	r2, #0
 338 000e 1A70     		strb	r2, [r3]
 339              		.loc 1 273 1 view .LVU67
 340 0010 FAE7     		b	.L19
 341              	.L23:
 342 0012 00BF     		.align	2
 343              	.L22:
 344 0014 00380140 		.word	1073821696
 345 0018 00000000 		.word	.LANCHOR2
 346              		.cfi_endproc
 347              	.LFE74:
 349              		.section	.text.Error_Handler,"ax",%progbits
 350              		.align	1
 351              		.global	Error_Handler
 352              		.syntax unified
 353              		.thumb
 354              		.thumb_func
 355              		.fpu softvfp
 357              	Error_Handler:
 358              	.LFB75:
 274:Core/Src/main.c **** /* USER CODE END 4 */
 275:Core/Src/main.c **** 
 276:Core/Src/main.c **** /**
 277:Core/Src/main.c ****   * @brief  This function is executed in case of error occurrence.
 278:Core/Src/main.c ****   * @retval None
 279:Core/Src/main.c ****   */
 280:Core/Src/main.c **** void Error_Handler(void)
 281:Core/Src/main.c **** {
 359              		.loc 1 281 1 is_stmt 1 view -0
 360              		.cfi_startproc
 361              		@ Volatile: function does not return.
 362              		@ args = 0, pretend = 0, frame = 0
 363              		@ frame_needed = 0, uses_anonymous_args = 0
 364              		@ link register save eliminated.
 282:Core/Src/main.c ****   /* USER CODE BEGIN Error_Handler_Debug */
 283:Core/Src/main.c ****   /* User can add his own implementation to report the HAL error return state */
 284:Core/Src/main.c ****   __disable_irq();
 365              		.loc 1 284 3 view .LVU69
 366              	.LBB10:
 367              	.LBI10:
 368              		.file 2 "Drivers/CMSIS/Include/cmsis_gcc.h"
   1:Drivers/CMSIS/Include/cmsis_gcc.h **** /**************************************************************************//**
   2:Drivers/CMSIS/Include/cmsis_gcc.h ****  * @file     cmsis_gcc.h
   3:Drivers/CMSIS/Include/cmsis_gcc.h ****  * @brief    CMSIS compiler GCC header file
   4:Drivers/CMSIS/Include/cmsis_gcc.h ****  * @version  V5.0.4
   5:Drivers/CMSIS/Include/cmsis_gcc.h ****  * @date     09. April 2018
   6:Drivers/CMSIS/Include/cmsis_gcc.h ****  ******************************************************************************/
   7:Drivers/CMSIS/Include/cmsis_gcc.h **** /*
   8:Drivers/CMSIS/Include/cmsis_gcc.h ****  * Copyright (c) 2009-2018 Arm Limited. All rights reserved.
   9:Drivers/CMSIS/Include/cmsis_gcc.h ****  *
ARM GAS  /tmp/cczCgw4D.s 			page 13


  10:Drivers/CMSIS/Include/cmsis_gcc.h ****  * SPDX-License-Identifier: Apache-2.0
  11:Drivers/CMSIS/Include/cmsis_gcc.h ****  *
  12:Drivers/CMSIS/Include/cmsis_gcc.h ****  * Licensed under the Apache License, Version 2.0 (the License); you may
  13:Drivers/CMSIS/Include/cmsis_gcc.h ****  * not use this file except in compliance with the License.
  14:Drivers/CMSIS/Include/cmsis_gcc.h ****  * You may obtain a copy of the License at
  15:Drivers/CMSIS/Include/cmsis_gcc.h ****  *
  16:Drivers/CMSIS/Include/cmsis_gcc.h ****  * www.apache.org/licenses/LICENSE-2.0
  17:Drivers/CMSIS/Include/cmsis_gcc.h ****  *
  18:Drivers/CMSIS/Include/cmsis_gcc.h ****  * Unless required by applicable law or agreed to in writing, software
  19:Drivers/CMSIS/Include/cmsis_gcc.h ****  * distributed under the License is distributed on an AS IS BASIS, WITHOUT
  20:Drivers/CMSIS/Include/cmsis_gcc.h ****  * WARRANTIES OR CONDITIONS OF ANY KIND, either express or implied.
  21:Drivers/CMSIS/Include/cmsis_gcc.h ****  * See the License for the specific language governing permissions and
  22:Drivers/CMSIS/Include/cmsis_gcc.h ****  * limitations under the License.
  23:Drivers/CMSIS/Include/cmsis_gcc.h ****  */
  24:Drivers/CMSIS/Include/cmsis_gcc.h **** 
  25:Drivers/CMSIS/Include/cmsis_gcc.h **** #ifndef __CMSIS_GCC_H
  26:Drivers/CMSIS/Include/cmsis_gcc.h **** #define __CMSIS_GCC_H
  27:Drivers/CMSIS/Include/cmsis_gcc.h **** 
  28:Drivers/CMSIS/Include/cmsis_gcc.h **** /* ignore some GCC warnings */
  29:Drivers/CMSIS/Include/cmsis_gcc.h **** #pragma GCC diagnostic push
  30:Drivers/CMSIS/Include/cmsis_gcc.h **** #pragma GCC diagnostic ignored "-Wsign-conversion"
  31:Drivers/CMSIS/Include/cmsis_gcc.h **** #pragma GCC diagnostic ignored "-Wconversion"
  32:Drivers/CMSIS/Include/cmsis_gcc.h **** #pragma GCC diagnostic ignored "-Wunused-parameter"
  33:Drivers/CMSIS/Include/cmsis_gcc.h **** 
  34:Drivers/CMSIS/Include/cmsis_gcc.h **** /* Fallback for __has_builtin */
  35:Drivers/CMSIS/Include/cmsis_gcc.h **** #ifndef __has_builtin
  36:Drivers/CMSIS/Include/cmsis_gcc.h ****   #define __has_builtin(x) (0)
  37:Drivers/CMSIS/Include/cmsis_gcc.h **** #endif
  38:Drivers/CMSIS/Include/cmsis_gcc.h **** 
  39:Drivers/CMSIS/Include/cmsis_gcc.h **** /* CMSIS compiler specific defines */
  40:Drivers/CMSIS/Include/cmsis_gcc.h **** #ifndef   __ASM
  41:Drivers/CMSIS/Include/cmsis_gcc.h ****   #define __ASM                                  __asm
  42:Drivers/CMSIS/Include/cmsis_gcc.h **** #endif
  43:Drivers/CMSIS/Include/cmsis_gcc.h **** #ifndef   __INLINE
  44:Drivers/CMSIS/Include/cmsis_gcc.h ****   #define __INLINE                               inline
  45:Drivers/CMSIS/Include/cmsis_gcc.h **** #endif
  46:Drivers/CMSIS/Include/cmsis_gcc.h **** #ifndef   __STATIC_INLINE
  47:Drivers/CMSIS/Include/cmsis_gcc.h ****   #define __STATIC_INLINE                        static inline
  48:Drivers/CMSIS/Include/cmsis_gcc.h **** #endif
  49:Drivers/CMSIS/Include/cmsis_gcc.h **** #ifndef   __STATIC_FORCEINLINE                 
  50:Drivers/CMSIS/Include/cmsis_gcc.h ****   #define __STATIC_FORCEINLINE                   __attribute__((always_inline)) static inline
  51:Drivers/CMSIS/Include/cmsis_gcc.h **** #endif                                           
  52:Drivers/CMSIS/Include/cmsis_gcc.h **** #ifndef   __NO_RETURN
  53:Drivers/CMSIS/Include/cmsis_gcc.h ****   #define __NO_RETURN                            __attribute__((__noreturn__))
  54:Drivers/CMSIS/Include/cmsis_gcc.h **** #endif
  55:Drivers/CMSIS/Include/cmsis_gcc.h **** #ifndef   __USED
  56:Drivers/CMSIS/Include/cmsis_gcc.h ****   #define __USED                                 __attribute__((used))
  57:Drivers/CMSIS/Include/cmsis_gcc.h **** #endif
  58:Drivers/CMSIS/Include/cmsis_gcc.h **** #ifndef   __WEAK
  59:Drivers/CMSIS/Include/cmsis_gcc.h ****   #define __WEAK                                 __attribute__((weak))
  60:Drivers/CMSIS/Include/cmsis_gcc.h **** #endif
  61:Drivers/CMSIS/Include/cmsis_gcc.h **** #ifndef   __PACKED
  62:Drivers/CMSIS/Include/cmsis_gcc.h ****   #define __PACKED                               __attribute__((packed, aligned(1)))
  63:Drivers/CMSIS/Include/cmsis_gcc.h **** #endif
  64:Drivers/CMSIS/Include/cmsis_gcc.h **** #ifndef   __PACKED_STRUCT
  65:Drivers/CMSIS/Include/cmsis_gcc.h ****   #define __PACKED_STRUCT                        struct __attribute__((packed, aligned(1)))
  66:Drivers/CMSIS/Include/cmsis_gcc.h **** #endif
ARM GAS  /tmp/cczCgw4D.s 			page 14


  67:Drivers/CMSIS/Include/cmsis_gcc.h **** #ifndef   __PACKED_UNION
  68:Drivers/CMSIS/Include/cmsis_gcc.h ****   #define __PACKED_UNION                         union __attribute__((packed, aligned(1)))
  69:Drivers/CMSIS/Include/cmsis_gcc.h **** #endif
  70:Drivers/CMSIS/Include/cmsis_gcc.h **** #ifndef   __UNALIGNED_UINT32        /* deprecated */
  71:Drivers/CMSIS/Include/cmsis_gcc.h ****   #pragma GCC diagnostic push
  72:Drivers/CMSIS/Include/cmsis_gcc.h ****   #pragma GCC diagnostic ignored "-Wpacked"
  73:Drivers/CMSIS/Include/cmsis_gcc.h ****   #pragma GCC diagnostic ignored "-Wattributes"
  74:Drivers/CMSIS/Include/cmsis_gcc.h ****   struct __attribute__((packed)) T_UINT32 { uint32_t v; };
  75:Drivers/CMSIS/Include/cmsis_gcc.h ****   #pragma GCC diagnostic pop
  76:Drivers/CMSIS/Include/cmsis_gcc.h ****   #define __UNALIGNED_UINT32(x)                  (((struct T_UINT32 *)(x))->v)
  77:Drivers/CMSIS/Include/cmsis_gcc.h **** #endif
  78:Drivers/CMSIS/Include/cmsis_gcc.h **** #ifndef   __UNALIGNED_UINT16_WRITE
  79:Drivers/CMSIS/Include/cmsis_gcc.h ****   #pragma GCC diagnostic push
  80:Drivers/CMSIS/Include/cmsis_gcc.h ****   #pragma GCC diagnostic ignored "-Wpacked"
  81:Drivers/CMSIS/Include/cmsis_gcc.h ****   #pragma GCC diagnostic ignored "-Wattributes"
  82:Drivers/CMSIS/Include/cmsis_gcc.h ****   __PACKED_STRUCT T_UINT16_WRITE { uint16_t v; };
  83:Drivers/CMSIS/Include/cmsis_gcc.h ****   #pragma GCC diagnostic pop
  84:Drivers/CMSIS/Include/cmsis_gcc.h ****   #define __UNALIGNED_UINT16_WRITE(addr, val)    (void)((((struct T_UINT16_WRITE *)(void *)(addr))-
  85:Drivers/CMSIS/Include/cmsis_gcc.h **** #endif
  86:Drivers/CMSIS/Include/cmsis_gcc.h **** #ifndef   __UNALIGNED_UINT16_READ
  87:Drivers/CMSIS/Include/cmsis_gcc.h ****   #pragma GCC diagnostic push
  88:Drivers/CMSIS/Include/cmsis_gcc.h ****   #pragma GCC diagnostic ignored "-Wpacked"
  89:Drivers/CMSIS/Include/cmsis_gcc.h ****   #pragma GCC diagnostic ignored "-Wattributes"
  90:Drivers/CMSIS/Include/cmsis_gcc.h ****   __PACKED_STRUCT T_UINT16_READ { uint16_t v; };
  91:Drivers/CMSIS/Include/cmsis_gcc.h ****   #pragma GCC diagnostic pop
  92:Drivers/CMSIS/Include/cmsis_gcc.h ****   #define __UNALIGNED_UINT16_READ(addr)          (((const struct T_UINT16_READ *)(const void *)(add
  93:Drivers/CMSIS/Include/cmsis_gcc.h **** #endif
  94:Drivers/CMSIS/Include/cmsis_gcc.h **** #ifndef   __UNALIGNED_UINT32_WRITE
  95:Drivers/CMSIS/Include/cmsis_gcc.h ****   #pragma GCC diagnostic push
  96:Drivers/CMSIS/Include/cmsis_gcc.h ****   #pragma GCC diagnostic ignored "-Wpacked"
  97:Drivers/CMSIS/Include/cmsis_gcc.h ****   #pragma GCC diagnostic ignored "-Wattributes"
  98:Drivers/CMSIS/Include/cmsis_gcc.h ****   __PACKED_STRUCT T_UINT32_WRITE { uint32_t v; };
  99:Drivers/CMSIS/Include/cmsis_gcc.h ****   #pragma GCC diagnostic pop
 100:Drivers/CMSIS/Include/cmsis_gcc.h ****   #define __UNALIGNED_UINT32_WRITE(addr, val)    (void)((((struct T_UINT32_WRITE *)(void *)(addr))-
 101:Drivers/CMSIS/Include/cmsis_gcc.h **** #endif
 102:Drivers/CMSIS/Include/cmsis_gcc.h **** #ifndef   __UNALIGNED_UINT32_READ
 103:Drivers/CMSIS/Include/cmsis_gcc.h ****   #pragma GCC diagnostic push
 104:Drivers/CMSIS/Include/cmsis_gcc.h ****   #pragma GCC diagnostic ignored "-Wpacked"
 105:Drivers/CMSIS/Include/cmsis_gcc.h ****   #pragma GCC diagnostic ignored "-Wattributes"
 106:Drivers/CMSIS/Include/cmsis_gcc.h ****   __PACKED_STRUCT T_UINT32_READ { uint32_t v; };
 107:Drivers/CMSIS/Include/cmsis_gcc.h ****   #pragma GCC diagnostic pop
 108:Drivers/CMSIS/Include/cmsis_gcc.h ****   #define __UNALIGNED_UINT32_READ(addr)          (((const struct T_UINT32_READ *)(const void *)(add
 109:Drivers/CMSIS/Include/cmsis_gcc.h **** #endif
 110:Drivers/CMSIS/Include/cmsis_gcc.h **** #ifndef   __ALIGNED
 111:Drivers/CMSIS/Include/cmsis_gcc.h ****   #define __ALIGNED(x)                           __attribute__((aligned(x)))
 112:Drivers/CMSIS/Include/cmsis_gcc.h **** #endif
 113:Drivers/CMSIS/Include/cmsis_gcc.h **** #ifndef   __RESTRICT
 114:Drivers/CMSIS/Include/cmsis_gcc.h ****   #define __RESTRICT                             __restrict
 115:Drivers/CMSIS/Include/cmsis_gcc.h **** #endif
 116:Drivers/CMSIS/Include/cmsis_gcc.h **** 
 117:Drivers/CMSIS/Include/cmsis_gcc.h **** 
 118:Drivers/CMSIS/Include/cmsis_gcc.h **** /* ###########################  Core Function Access  ########################### */
 119:Drivers/CMSIS/Include/cmsis_gcc.h **** /** \ingroup  CMSIS_Core_FunctionInterface
 120:Drivers/CMSIS/Include/cmsis_gcc.h ****     \defgroup CMSIS_Core_RegAccFunctions CMSIS Core Register Access Functions
 121:Drivers/CMSIS/Include/cmsis_gcc.h ****   @{
 122:Drivers/CMSIS/Include/cmsis_gcc.h ****  */
 123:Drivers/CMSIS/Include/cmsis_gcc.h **** 
ARM GAS  /tmp/cczCgw4D.s 			page 15


 124:Drivers/CMSIS/Include/cmsis_gcc.h **** /**
 125:Drivers/CMSIS/Include/cmsis_gcc.h ****   \brief   Enable IRQ Interrupts
 126:Drivers/CMSIS/Include/cmsis_gcc.h ****   \details Enables IRQ interrupts by clearing the I-bit in the CPSR.
 127:Drivers/CMSIS/Include/cmsis_gcc.h ****            Can only be executed in Privileged modes.
 128:Drivers/CMSIS/Include/cmsis_gcc.h ****  */
 129:Drivers/CMSIS/Include/cmsis_gcc.h **** __STATIC_FORCEINLINE void __enable_irq(void)
 130:Drivers/CMSIS/Include/cmsis_gcc.h **** {
 131:Drivers/CMSIS/Include/cmsis_gcc.h ****   __ASM volatile ("cpsie i" : : : "memory");
 132:Drivers/CMSIS/Include/cmsis_gcc.h **** }
 133:Drivers/CMSIS/Include/cmsis_gcc.h **** 
 134:Drivers/CMSIS/Include/cmsis_gcc.h **** 
 135:Drivers/CMSIS/Include/cmsis_gcc.h **** /**
 136:Drivers/CMSIS/Include/cmsis_gcc.h ****   \brief   Disable IRQ Interrupts
 137:Drivers/CMSIS/Include/cmsis_gcc.h ****   \details Disables IRQ interrupts by setting the I-bit in the CPSR.
 138:Drivers/CMSIS/Include/cmsis_gcc.h ****            Can only be executed in Privileged modes.
 139:Drivers/CMSIS/Include/cmsis_gcc.h ****  */
 140:Drivers/CMSIS/Include/cmsis_gcc.h **** __STATIC_FORCEINLINE void __disable_irq(void)
 369              		.loc 2 140 27 view .LVU70
 370              	.LBB11:
 141:Drivers/CMSIS/Include/cmsis_gcc.h **** {
 142:Drivers/CMSIS/Include/cmsis_gcc.h ****   __ASM volatile ("cpsid i" : : : "memory");
 371              		.loc 2 142 3 view .LVU71
 372              		.syntax unified
 373              	@ 142 "Drivers/CMSIS/Include/cmsis_gcc.h" 1
 374 0000 72B6     		cpsid i
 375              	@ 0 "" 2
 376              		.thumb
 377              		.syntax unified
 378              	.L25:
 379              	.LBE11:
 380              	.LBE10:
 285:Core/Src/main.c ****   while (1)
 381              		.loc 1 285 3 discriminator 1 view .LVU72
 286:Core/Src/main.c ****   {
 287:Core/Src/main.c ****   }
 382              		.loc 1 287 3 discriminator 1 view .LVU73
 285:Core/Src/main.c ****   while (1)
 383              		.loc 1 285 9 discriminator 1 view .LVU74
 384 0002 FEE7     		b	.L25
 385              		.cfi_endproc
 386              	.LFE75:
 388              		.section	.text.MX_USART1_UART_Init,"ax",%progbits
 389              		.align	1
 390              		.syntax unified
 391              		.thumb
 392              		.thumb_func
 393              		.fpu softvfp
 395              	MX_USART1_UART_Init:
 396              	.LFB70:
 163:Core/Src/main.c **** 
 397              		.loc 1 163 1 view -0
 398              		.cfi_startproc
 399              		@ args = 0, pretend = 0, frame = 0
 400              		@ frame_needed = 0, uses_anonymous_args = 0
 401 0000 08B5     		push	{r3, lr}
 402              	.LCFI10:
 403              		.cfi_def_cfa_offset 8
ARM GAS  /tmp/cczCgw4D.s 			page 16


 404              		.cfi_offset 3, -8
 405              		.cfi_offset 14, -4
 172:Core/Src/main.c ****   huart1.Init.BaudRate = 115200;
 406              		.loc 1 172 3 view .LVU76
 172:Core/Src/main.c ****   huart1.Init.BaudRate = 115200;
 407              		.loc 1 172 19 is_stmt 0 view .LVU77
 408 0002 0A48     		ldr	r0, .L30
 409 0004 0A4B     		ldr	r3, .L30+4
 410 0006 0360     		str	r3, [r0]
 173:Core/Src/main.c ****   huart1.Init.WordLength = UART_WORDLENGTH_8B;
 411              		.loc 1 173 3 is_stmt 1 view .LVU78
 173:Core/Src/main.c ****   huart1.Init.WordLength = UART_WORDLENGTH_8B;
 412              		.loc 1 173 24 is_stmt 0 view .LVU79
 413 0008 4FF4E133 		mov	r3, #115200
 414 000c 4360     		str	r3, [r0, #4]
 174:Core/Src/main.c ****   huart1.Init.StopBits = UART_STOPBITS_1;
 415              		.loc 1 174 3 is_stmt 1 view .LVU80
 174:Core/Src/main.c ****   huart1.Init.StopBits = UART_STOPBITS_1;
 416              		.loc 1 174 26 is_stmt 0 view .LVU81
 417 000e 0023     		movs	r3, #0
 418 0010 8360     		str	r3, [r0, #8]
 175:Core/Src/main.c ****   huart1.Init.Parity = UART_PARITY_NONE;
 419              		.loc 1 175 3 is_stmt 1 view .LVU82
 175:Core/Src/main.c ****   huart1.Init.Parity = UART_PARITY_NONE;
 420              		.loc 1 175 24 is_stmt 0 view .LVU83
 421 0012 C360     		str	r3, [r0, #12]
 176:Core/Src/main.c ****   huart1.Init.Mode = UART_MODE_TX_RX;
 422              		.loc 1 176 3 is_stmt 1 view .LVU84
 176:Core/Src/main.c ****   huart1.Init.Mode = UART_MODE_TX_RX;
 423              		.loc 1 176 22 is_stmt 0 view .LVU85
 424 0014 0361     		str	r3, [r0, #16]
 177:Core/Src/main.c ****   huart1.Init.HwFlowCtl = UART_HWCONTROL_NONE;
 425              		.loc 1 177 3 is_stmt 1 view .LVU86
 177:Core/Src/main.c ****   huart1.Init.HwFlowCtl = UART_HWCONTROL_NONE;
 426              		.loc 1 177 20 is_stmt 0 view .LVU87
 427 0016 0C22     		movs	r2, #12
 428 0018 4261     		str	r2, [r0, #20]
 178:Core/Src/main.c ****   huart1.Init.OverSampling = UART_OVERSAMPLING_16;
 429              		.loc 1 178 3 is_stmt 1 view .LVU88
 178:Core/Src/main.c ****   huart1.Init.OverSampling = UART_OVERSAMPLING_16;
 430              		.loc 1 178 25 is_stmt 0 view .LVU89
 431 001a 8361     		str	r3, [r0, #24]
 179:Core/Src/main.c ****   if (HAL_UART_Init(&huart1) != HAL_OK)
 432              		.loc 1 179 3 is_stmt 1 view .LVU90
 179:Core/Src/main.c ****   if (HAL_UART_Init(&huart1) != HAL_OK)
 433              		.loc 1 179 28 is_stmt 0 view .LVU91
 434 001c C361     		str	r3, [r0, #28]
 180:Core/Src/main.c ****   {
 435              		.loc 1 180 3 is_stmt 1 view .LVU92
 180:Core/Src/main.c ****   {
 436              		.loc 1 180 7 is_stmt 0 view .LVU93
 437 001e FFF7FEFF 		bl	HAL_UART_Init
 438              	.LVL12:
 180:Core/Src/main.c ****   {
 439              		.loc 1 180 6 view .LVU94
 440 0022 00B9     		cbnz	r0, .L29
 188:Core/Src/main.c **** 
ARM GAS  /tmp/cczCgw4D.s 			page 17


 441              		.loc 1 188 1 view .LVU95
 442 0024 08BD     		pop	{r3, pc}
 443              	.L29:
 182:Core/Src/main.c ****   }
 444              		.loc 1 182 5 is_stmt 1 view .LVU96
 445 0026 FFF7FEFF 		bl	Error_Handler
 446              	.LVL13:
 447              	.L31:
 448 002a 00BF     		.align	2
 449              	.L30:
 450 002c 00000000 		.word	.LANCHOR4
 451 0030 00380140 		.word	1073821696
 452              		.cfi_endproc
 453              	.LFE70:
 455              		.section	.text.SystemClock_Config,"ax",%progbits
 456              		.align	1
 457              		.global	SystemClock_Config
 458              		.syntax unified
 459              		.thumb
 460              		.thumb_func
 461              		.fpu softvfp
 463              	SystemClock_Config:
 464              	.LFB69:
 123:Core/Src/main.c ****   RCC_OscInitTypeDef RCC_OscInitStruct = {0};
 465              		.loc 1 123 1 view -0
 466              		.cfi_startproc
 467              		@ args = 0, pretend = 0, frame = 64
 468              		@ frame_needed = 0, uses_anonymous_args = 0
 469 0000 00B5     		push	{lr}
 470              	.LCFI11:
 471              		.cfi_def_cfa_offset 4
 472              		.cfi_offset 14, -4
 473 0002 91B0     		sub	sp, sp, #68
 474              	.LCFI12:
 475              		.cfi_def_cfa_offset 72
 124:Core/Src/main.c ****   RCC_ClkInitTypeDef RCC_ClkInitStruct = {0};
 476              		.loc 1 124 3 view .LVU98
 124:Core/Src/main.c ****   RCC_ClkInitTypeDef RCC_ClkInitStruct = {0};
 477              		.loc 1 124 22 is_stmt 0 view .LVU99
 478 0004 2822     		movs	r2, #40
 479 0006 0021     		movs	r1, #0
 480 0008 06A8     		add	r0, sp, #24
 481 000a FFF7FEFF 		bl	memset
 482              	.LVL14:
 125:Core/Src/main.c **** 
 483              		.loc 1 125 3 is_stmt 1 view .LVU100
 125:Core/Src/main.c **** 
 484              		.loc 1 125 22 is_stmt 0 view .LVU101
 485 000e 0023     		movs	r3, #0
 486 0010 0193     		str	r3, [sp, #4]
 487 0012 0293     		str	r3, [sp, #8]
 488 0014 0393     		str	r3, [sp, #12]
 489 0016 0493     		str	r3, [sp, #16]
 490 0018 0593     		str	r3, [sp, #20]
 130:Core/Src/main.c ****   RCC_OscInitStruct.HSEState = RCC_HSE_ON;
 491              		.loc 1 130 3 is_stmt 1 view .LVU102
 130:Core/Src/main.c ****   RCC_OscInitStruct.HSEState = RCC_HSE_ON;
ARM GAS  /tmp/cczCgw4D.s 			page 18


 492              		.loc 1 130 36 is_stmt 0 view .LVU103
 493 001a 0122     		movs	r2, #1
 494 001c 0692     		str	r2, [sp, #24]
 131:Core/Src/main.c ****   RCC_OscInitStruct.HSEPredivValue = RCC_HSE_PREDIV_DIV1;
 495              		.loc 1 131 3 is_stmt 1 view .LVU104
 131:Core/Src/main.c ****   RCC_OscInitStruct.HSEPredivValue = RCC_HSE_PREDIV_DIV1;
 496              		.loc 1 131 30 is_stmt 0 view .LVU105
 497 001e 4FF48033 		mov	r3, #65536
 498 0022 0793     		str	r3, [sp, #28]
 132:Core/Src/main.c ****   RCC_OscInitStruct.HSIState = RCC_HSI_ON;
 499              		.loc 1 132 3 is_stmt 1 view .LVU106
 133:Core/Src/main.c ****   RCC_OscInitStruct.PLL.PLLState = RCC_PLL_ON;
 500              		.loc 1 133 3 view .LVU107
 133:Core/Src/main.c ****   RCC_OscInitStruct.PLL.PLLState = RCC_PLL_ON;
 501              		.loc 1 133 30 is_stmt 0 view .LVU108
 502 0024 0A92     		str	r2, [sp, #40]
 134:Core/Src/main.c ****   RCC_OscInitStruct.PLL.PLLSource = RCC_PLLSOURCE_HSE;
 503              		.loc 1 134 3 is_stmt 1 view .LVU109
 134:Core/Src/main.c ****   RCC_OscInitStruct.PLL.PLLSource = RCC_PLLSOURCE_HSE;
 504              		.loc 1 134 34 is_stmt 0 view .LVU110
 505 0026 0222     		movs	r2, #2
 506 0028 0D92     		str	r2, [sp, #52]
 135:Core/Src/main.c ****   RCC_OscInitStruct.PLL.PLLMUL = RCC_PLL_MUL9;
 507              		.loc 1 135 3 is_stmt 1 view .LVU111
 135:Core/Src/main.c ****   RCC_OscInitStruct.PLL.PLLMUL = RCC_PLL_MUL9;
 508              		.loc 1 135 35 is_stmt 0 view .LVU112
 509 002a 0E93     		str	r3, [sp, #56]
 136:Core/Src/main.c ****   if (HAL_RCC_OscConfig(&RCC_OscInitStruct) != HAL_OK)
 510              		.loc 1 136 3 is_stmt 1 view .LVU113
 136:Core/Src/main.c ****   if (HAL_RCC_OscConfig(&RCC_OscInitStruct) != HAL_OK)
 511              		.loc 1 136 32 is_stmt 0 view .LVU114
 512 002c 4FF4E013 		mov	r3, #1835008
 513 0030 0F93     		str	r3, [sp, #60]
 137:Core/Src/main.c ****   {
 514              		.loc 1 137 3 is_stmt 1 view .LVU115
 137:Core/Src/main.c ****   {
 515              		.loc 1 137 7 is_stmt 0 view .LVU116
 516 0032 06A8     		add	r0, sp, #24
 517 0034 FFF7FEFF 		bl	HAL_RCC_OscConfig
 518              	.LVL15:
 137:Core/Src/main.c ****   {
 519              		.loc 1 137 6 view .LVU117
 520 0038 80B9     		cbnz	r0, .L36
 144:Core/Src/main.c ****                               |RCC_CLOCKTYPE_PCLK1|RCC_CLOCKTYPE_PCLK2;
 521              		.loc 1 144 3 is_stmt 1 view .LVU118
 144:Core/Src/main.c ****                               |RCC_CLOCKTYPE_PCLK1|RCC_CLOCKTYPE_PCLK2;
 522              		.loc 1 144 31 is_stmt 0 view .LVU119
 523 003a 0F23     		movs	r3, #15
 524 003c 0193     		str	r3, [sp, #4]
 146:Core/Src/main.c ****   RCC_ClkInitStruct.AHBCLKDivider = RCC_SYSCLK_DIV1;
 525              		.loc 1 146 3 is_stmt 1 view .LVU120
 146:Core/Src/main.c ****   RCC_ClkInitStruct.AHBCLKDivider = RCC_SYSCLK_DIV1;
 526              		.loc 1 146 34 is_stmt 0 view .LVU121
 527 003e 0221     		movs	r1, #2
 528 0040 0291     		str	r1, [sp, #8]
 147:Core/Src/main.c ****   RCC_ClkInitStruct.APB1CLKDivider = RCC_HCLK_DIV2;
 529              		.loc 1 147 3 is_stmt 1 view .LVU122
ARM GAS  /tmp/cczCgw4D.s 			page 19


 147:Core/Src/main.c ****   RCC_ClkInitStruct.APB1CLKDivider = RCC_HCLK_DIV2;
 530              		.loc 1 147 35 is_stmt 0 view .LVU123
 531 0042 0023     		movs	r3, #0
 532 0044 0393     		str	r3, [sp, #12]
 148:Core/Src/main.c ****   RCC_ClkInitStruct.APB2CLKDivider = RCC_HCLK_DIV1;
 533              		.loc 1 148 3 is_stmt 1 view .LVU124
 148:Core/Src/main.c ****   RCC_ClkInitStruct.APB2CLKDivider = RCC_HCLK_DIV1;
 534              		.loc 1 148 36 is_stmt 0 view .LVU125
 535 0046 4FF48062 		mov	r2, #1024
 536 004a 0492     		str	r2, [sp, #16]
 149:Core/Src/main.c **** 
 537              		.loc 1 149 3 is_stmt 1 view .LVU126
 149:Core/Src/main.c **** 
 538              		.loc 1 149 36 is_stmt 0 view .LVU127
 539 004c 0593     		str	r3, [sp, #20]
 151:Core/Src/main.c ****   {
 540              		.loc 1 151 3 is_stmt 1 view .LVU128
 151:Core/Src/main.c ****   {
 541              		.loc 1 151 7 is_stmt 0 view .LVU129
 542 004e 01A8     		add	r0, sp, #4
 543 0050 FFF7FEFF 		bl	HAL_RCC_ClockConfig
 544              	.LVL16:
 151:Core/Src/main.c ****   {
 545              		.loc 1 151 6 view .LVU130
 546 0054 20B9     		cbnz	r0, .L37
 155:Core/Src/main.c **** 
 547              		.loc 1 155 1 view .LVU131
 548 0056 11B0     		add	sp, sp, #68
 549              	.LCFI13:
 550              		.cfi_remember_state
 551              		.cfi_def_cfa_offset 4
 552              		@ sp needed
 553 0058 5DF804FB 		ldr	pc, [sp], #4
 554              	.L36:
 555              	.LCFI14:
 556              		.cfi_restore_state
 139:Core/Src/main.c ****   }
 557              		.loc 1 139 5 is_stmt 1 view .LVU132
 558 005c FFF7FEFF 		bl	Error_Handler
 559              	.LVL17:
 560              	.L37:
 153:Core/Src/main.c ****   }
 561              		.loc 1 153 5 view .LVU133
 562 0060 FFF7FEFF 		bl	Error_Handler
 563              	.LVL18:
 564              		.cfi_endproc
 565              	.LFE69:
 567              		.section	.text.main,"ax",%progbits
 568              		.align	1
 569              		.global	main
 570              		.syntax unified
 571              		.thumb
 572              		.thumb_func
 573              		.fpu softvfp
 575              	main:
 576              	.LFB68:
  77:Core/Src/main.c **** 
ARM GAS  /tmp/cczCgw4D.s 			page 20


 577              		.loc 1 77 1 view -0
 578              		.cfi_startproc
 579              		@ Volatile: function does not return.
 580              		@ args = 0, pretend = 0, frame = 0
 581              		@ frame_needed = 0, uses_anonymous_args = 0
 582 0000 08B5     		push	{r3, lr}
 583              	.LCFI15:
 584              		.cfi_def_cfa_offset 8
 585              		.cfi_offset 3, -8
 586              		.cfi_offset 14, -4
  86:Core/Src/main.c **** 
 587              		.loc 1 86 3 view .LVU135
 588 0002 FFF7FEFF 		bl	HAL_Init
 589              	.LVL19:
  93:Core/Src/main.c **** 
 590              		.loc 1 93 3 view .LVU136
 591 0006 FFF7FEFF 		bl	SystemClock_Config
 592              	.LVL20:
 100:Core/Src/main.c ****   MX_DMA_Init();
 593              		.loc 1 100 3 view .LVU137
 594 000a FFF7FEFF 		bl	MX_GPIO_Init
 595              	.LVL21:
 101:Core/Src/main.c ****   MX_USART1_UART_Init();
 596              		.loc 1 101 3 view .LVU138
 597 000e FFF7FEFF 		bl	MX_DMA_Init
 598              	.LVL22:
 102:Core/Src/main.c ****   /* USER CODE BEGIN 2 */
 599              		.loc 1 102 3 view .LVU139
 600 0012 FFF7FEFF 		bl	MX_USART1_UART_Init
 601              	.LVL23:
 602              	.L39:
 109:Core/Src/main.c ****   {
 603              		.loc 1 109 3 discriminator 1 view .LVU140
 114:Core/Src/main.c ****   /* USER CODE END 3 */
 604              		.loc 1 114 3 discriminator 1 view .LVU141
 109:Core/Src/main.c ****   {
 605              		.loc 1 109 9 discriminator 1 view .LVU142
 606 0016 FEE7     		b	.L39
 607              		.cfi_endproc
 608              	.LFE68:
 610              		.global	hdma_usart1_tx
 611              		.global	huart1
 612              		.global	uart_dma_busy
 613              		.global	uart_tx_buffer
 614              		.global	btn_press_count
 615              		.section	.bss.btn_press_count,"aw",%nobits
 616              		.align	2
 617              		.set	.LANCHOR1,. + 0
 620              	btn_press_count:
 621 0000 00000000 		.space	4
 622              		.section	.bss.hdma_usart1_tx,"aw",%nobits
 623              		.align	2
 626              	hdma_usart1_tx:
 627 0000 00000000 		.space	68
 627      00000000 
 627      00000000 
 627      00000000 
ARM GAS  /tmp/cczCgw4D.s 			page 21


 627      00000000 
 628              		.section	.bss.huart1,"aw",%nobits
 629              		.align	2
 630              		.set	.LANCHOR4,. + 0
 633              	huart1:
 634 0000 00000000 		.space	72
 634      00000000 
 634      00000000 
 634      00000000 
 634      00000000 
 635              		.section	.bss.last_press_tick.0,"aw",%nobits
 636              		.align	2
 637              		.set	.LANCHOR0,. + 0
 640              	last_press_tick.0:
 641 0000 00000000 		.space	4
 642              		.section	.bss.uart_dma_busy,"aw",%nobits
 643              		.set	.LANCHOR2,. + 0
 646              	uart_dma_busy:
 647 0000 00       		.space	1
 648              		.section	.bss.uart_tx_buffer,"aw",%nobits
 649              		.align	2
 650              		.set	.LANCHOR3,. + 0
 653              	uart_tx_buffer:
 654 0000 00000000 		.space	64
 654      00000000 
 654      00000000 
 654      00000000 
 654      00000000 
 655              		.text
 656              	.Letext0:
 657              		.file 3 "/usr/lib/gcc/arm-none-eabi/10.3.1/include/stdint.h"
 658              		.file 4 "Drivers/CMSIS/Device/ST/STM32F1xx/Include/stm32f103xb.h"
 659              		.file 5 "Drivers/STM32F1xx_HAL_Driver/Inc/stm32f1xx_hal_def.h"
 660              		.file 6 "Drivers/STM32F1xx_HAL_Driver/Inc/stm32f1xx_hal_rcc.h"
 661              		.file 7 "Drivers/STM32F1xx_HAL_Driver/Inc/stm32f1xx_hal_rcc_ex.h"
 662              		.file 8 "Drivers/STM32F1xx_HAL_Driver/Inc/stm32f1xx_hal_gpio.h"
 663              		.file 9 "Drivers/STM32F1xx_HAL_Driver/Inc/stm32f1xx_hal_dma.h"
 664              		.file 10 "Drivers/STM32F1xx_HAL_Driver/Inc/stm32f1xx_hal_uart.h"
 665              		.file 11 "/usr/include/newlib/stdio.h"
 666              		.file 12 "Drivers/STM32F1xx_HAL_Driver/Inc/stm32f1xx_hal.h"
 667              		.file 13 "Drivers/STM32F1xx_HAL_Driver/Inc/stm32f1xx_hal_cortex.h"
 668              		.file 14 "<built-in>"
ARM GAS  /tmp/cczCgw4D.s 			page 22


DEFINED SYMBOLS
                            *ABS*:0000000000000000 main.c
     /tmp/cczCgw4D.s:16     .text.MX_GPIO_Init:0000000000000000 $t
     /tmp/cczCgw4D.s:23     .text.MX_GPIO_Init:0000000000000000 MX_GPIO_Init
     /tmp/cczCgw4D.s:111    .text.MX_GPIO_Init:000000000000005c $d
     /tmp/cczCgw4D.s:118    .text.MX_DMA_Init:0000000000000000 $t
     /tmp/cczCgw4D.s:124    .text.MX_DMA_Init:0000000000000000 MX_DMA_Init
     /tmp/cczCgw4D.s:172    .text.MX_DMA_Init:0000000000000030 $d
     /tmp/cczCgw4D.s:177    .rodata.HAL_GPIO_EXTI_Callback.str1.4:0000000000000000 $d
     /tmp/cczCgw4D.s:187    .text.HAL_GPIO_EXTI_Callback:0000000000000000 $t
     /tmp/cczCgw4D.s:194    .text.HAL_GPIO_EXTI_Callback:0000000000000000 HAL_GPIO_EXTI_Callback
     /tmp/cczCgw4D.s:296    .text.HAL_GPIO_EXTI_Callback:000000000000005c $d
     /tmp/cczCgw4D.s:308    .text.HAL_UART_TxCpltCallback:0000000000000000 $t
     /tmp/cczCgw4D.s:315    .text.HAL_UART_TxCpltCallback:0000000000000000 HAL_UART_TxCpltCallback
     /tmp/cczCgw4D.s:344    .text.HAL_UART_TxCpltCallback:0000000000000014 $d
     /tmp/cczCgw4D.s:350    .text.Error_Handler:0000000000000000 $t
     /tmp/cczCgw4D.s:357    .text.Error_Handler:0000000000000000 Error_Handler
     /tmp/cczCgw4D.s:389    .text.MX_USART1_UART_Init:0000000000000000 $t
     /tmp/cczCgw4D.s:395    .text.MX_USART1_UART_Init:0000000000000000 MX_USART1_UART_Init
     /tmp/cczCgw4D.s:450    .text.MX_USART1_UART_Init:000000000000002c $d
     /tmp/cczCgw4D.s:456    .text.SystemClock_Config:0000000000000000 $t
     /tmp/cczCgw4D.s:463    .text.SystemClock_Config:0000000000000000 SystemClock_Config
     /tmp/cczCgw4D.s:568    .text.main:0000000000000000 $t
     /tmp/cczCgw4D.s:575    .text.main:0000000000000000 main
     /tmp/cczCgw4D.s:626    .bss.hdma_usart1_tx:0000000000000000 hdma_usart1_tx
     /tmp/cczCgw4D.s:633    .bss.huart1:0000000000000000 huart1
     /tmp/cczCgw4D.s:646    .bss.uart_dma_busy:0000000000000000 uart_dma_busy
     /tmp/cczCgw4D.s:653    .bss.uart_tx_buffer:0000000000000000 uart_tx_buffer
     /tmp/cczCgw4D.s:620    .bss.btn_press_count:0000000000000000 btn_press_count
     /tmp/cczCgw4D.s:616    .bss.btn_press_count:0000000000000000 $d
     /tmp/cczCgw4D.s:623    .bss.hdma_usart1_tx:0000000000000000 $d
     /tmp/cczCgw4D.s:629    .bss.huart1:0000000000000000 $d
     /tmp/cczCgw4D.s:636    .bss.last_press_tick.0:0000000000000000 $d
     /tmp/cczCgw4D.s:640    .bss.last_press_tick.0:0000000000000000 last_press_tick.0
     /tmp/cczCgw4D.s:647    .bss.uart_dma_busy:0000000000000000 $d
     /tmp/cczCgw4D.s:649    .bss.uart_tx_buffer:0000000000000000 $d

UNDEFINED SYMBOLS
HAL_GPIO_Init
HAL_NVIC_SetPriority
HAL_NVIC_EnableIRQ
HAL_GetTick
snprintf
HAL_UART_Transmit_DMA
HAL_UART_Init
memset
HAL_RCC_OscConfig
HAL_RCC_ClockConfig
HAL_Init
