ARM GAS  /tmp/cccpRdN7.s 			page 1


   1              		.cpu cortex-m3
   2              		.eabi_attribute 20, 1
   3              		.eabi_attribute 21, 1
   4              		.eabi_attribute 23, 3
   5              		.eabi_attribute 24, 1
   6              		.eabi_attribute 25, 1
   7              		.eabi_attribute 26, 1
   8              		.eabi_attribute 30, 1
   9              		.eabi_attribute 34, 1
  10              		.eabi_attribute 18, 4
  11              		.file	"stm32f1xx_hal_msp.c"
  12              		.text
  13              	.Ltext0:
  14              		.cfi_sections	.debug_frame
  15              		.section	.text.HAL_MspInit,"ax",%progbits
  16              		.align	1
  17              		.global	HAL_MspInit
  18              		.arch armv7-m
  19              		.syntax unified
  20              		.thumb
  21              		.thumb_func
  22              		.fpu softvfp
  24              	HAL_MspInit:
  25              	.LFB65:
  26              		.file 1 "Core/Src/stm32f1xx_hal_msp.c"
   1:Core/Src/stm32f1xx_hal_msp.c **** /* USER CODE BEGIN Header */
   2:Core/Src/stm32f1xx_hal_msp.c **** /**
   3:Core/Src/stm32f1xx_hal_msp.c ****   ******************************************************************************
   4:Core/Src/stm32f1xx_hal_msp.c ****   * @file         stm32f1xx_hal_msp.c
   5:Core/Src/stm32f1xx_hal_msp.c ****   * @brief        This file provides code for the MSP Initialization
   6:Core/Src/stm32f1xx_hal_msp.c ****   *               and de-Initialization codes.
   7:Core/Src/stm32f1xx_hal_msp.c ****   ******************************************************************************
   8:Core/Src/stm32f1xx_hal_msp.c ****   * @attention
   9:Core/Src/stm32f1xx_hal_msp.c ****   *
  10:Core/Src/stm32f1xx_hal_msp.c ****   * Copyright (c) 2026 STMicroelectronics.
  11:Core/Src/stm32f1xx_hal_msp.c ****   * All rights reserved.
  12:Core/Src/stm32f1xx_hal_msp.c ****   *
  13:Core/Src/stm32f1xx_hal_msp.c ****   * This software is licensed under terms that can be found in the LICENSE file
  14:Core/Src/stm32f1xx_hal_msp.c ****   * in the root directory of this software component.
  15:Core/Src/stm32f1xx_hal_msp.c ****   * If no LICENSE file comes with this software, it is provided AS-IS.
  16:Core/Src/stm32f1xx_hal_msp.c ****   *
  17:Core/Src/stm32f1xx_hal_msp.c ****   ******************************************************************************
  18:Core/Src/stm32f1xx_hal_msp.c ****   */
  19:Core/Src/stm32f1xx_hal_msp.c **** /* USER CODE END Header */
  20:Core/Src/stm32f1xx_hal_msp.c **** /* Includes ------------------------------------------------------------------*/
  21:Core/Src/stm32f1xx_hal_msp.c **** #include "main.h"
  22:Core/Src/stm32f1xx_hal_msp.c **** /* USER CODE BEGIN Includes */
  23:Core/Src/stm32f1xx_hal_msp.c **** 
  24:Core/Src/stm32f1xx_hal_msp.c **** /* USER CODE END Includes */
  25:Core/Src/stm32f1xx_hal_msp.c **** extern DMA_HandleTypeDef hdma_usart1_tx;
  26:Core/Src/stm32f1xx_hal_msp.c **** 
  27:Core/Src/stm32f1xx_hal_msp.c **** /* Private typedef -----------------------------------------------------------*/
  28:Core/Src/stm32f1xx_hal_msp.c **** /* USER CODE BEGIN TD */
  29:Core/Src/stm32f1xx_hal_msp.c **** 
  30:Core/Src/stm32f1xx_hal_msp.c **** /* USER CODE END TD */
  31:Core/Src/stm32f1xx_hal_msp.c **** 
  32:Core/Src/stm32f1xx_hal_msp.c **** /* Private define ------------------------------------------------------------*/
ARM GAS  /tmp/cccpRdN7.s 			page 2


  33:Core/Src/stm32f1xx_hal_msp.c **** /* USER CODE BEGIN Define */
  34:Core/Src/stm32f1xx_hal_msp.c **** 
  35:Core/Src/stm32f1xx_hal_msp.c **** /* USER CODE END Define */
  36:Core/Src/stm32f1xx_hal_msp.c **** 
  37:Core/Src/stm32f1xx_hal_msp.c **** /* Private macro -------------------------------------------------------------*/
  38:Core/Src/stm32f1xx_hal_msp.c **** /* USER CODE BEGIN Macro */
  39:Core/Src/stm32f1xx_hal_msp.c **** 
  40:Core/Src/stm32f1xx_hal_msp.c **** /* USER CODE END Macro */
  41:Core/Src/stm32f1xx_hal_msp.c **** 
  42:Core/Src/stm32f1xx_hal_msp.c **** /* Private variables ---------------------------------------------------------*/
  43:Core/Src/stm32f1xx_hal_msp.c **** /* USER CODE BEGIN PV */
  44:Core/Src/stm32f1xx_hal_msp.c **** 
  45:Core/Src/stm32f1xx_hal_msp.c **** /* USER CODE END PV */
  46:Core/Src/stm32f1xx_hal_msp.c **** 
  47:Core/Src/stm32f1xx_hal_msp.c **** /* Private function prototypes -----------------------------------------------*/
  48:Core/Src/stm32f1xx_hal_msp.c **** /* USER CODE BEGIN PFP */
  49:Core/Src/stm32f1xx_hal_msp.c **** 
  50:Core/Src/stm32f1xx_hal_msp.c **** /* USER CODE END PFP */
  51:Core/Src/stm32f1xx_hal_msp.c **** 
  52:Core/Src/stm32f1xx_hal_msp.c **** /* External functions --------------------------------------------------------*/
  53:Core/Src/stm32f1xx_hal_msp.c **** /* USER CODE BEGIN ExternalFunctions */
  54:Core/Src/stm32f1xx_hal_msp.c **** 
  55:Core/Src/stm32f1xx_hal_msp.c **** /* USER CODE END ExternalFunctions */
  56:Core/Src/stm32f1xx_hal_msp.c **** 
  57:Core/Src/stm32f1xx_hal_msp.c **** /* USER CODE BEGIN 0 */
  58:Core/Src/stm32f1xx_hal_msp.c **** 
  59:Core/Src/stm32f1xx_hal_msp.c **** /* USER CODE END 0 */
  60:Core/Src/stm32f1xx_hal_msp.c **** /**
  61:Core/Src/stm32f1xx_hal_msp.c ****   * Initializes the Global MSP.
  62:Core/Src/stm32f1xx_hal_msp.c ****   */
  63:Core/Src/stm32f1xx_hal_msp.c **** void HAL_MspInit(void)
  64:Core/Src/stm32f1xx_hal_msp.c **** {
  27              		.loc 1 64 1 view -0
  28              		.cfi_startproc
  29              		@ args = 0, pretend = 0, frame = 8
  30              		@ frame_needed = 0, uses_anonymous_args = 0
  31              		@ link register save eliminated.
  32 0000 82B0     		sub	sp, sp, #8
  33              	.LCFI0:
  34              		.cfi_def_cfa_offset 8
  65:Core/Src/stm32f1xx_hal_msp.c **** 
  66:Core/Src/stm32f1xx_hal_msp.c ****   /* USER CODE BEGIN MspInit 0 */
  67:Core/Src/stm32f1xx_hal_msp.c **** 
  68:Core/Src/stm32f1xx_hal_msp.c ****   /* USER CODE END MspInit 0 */
  69:Core/Src/stm32f1xx_hal_msp.c **** 
  70:Core/Src/stm32f1xx_hal_msp.c ****   __HAL_RCC_AFIO_CLK_ENABLE();
  35              		.loc 1 70 3 view .LVU1
  36              	.LBB2:
  37              		.loc 1 70 3 view .LVU2
  38              		.loc 1 70 3 view .LVU3
  39 0002 0E4B     		ldr	r3, .L3
  40 0004 9A69     		ldr	r2, [r3, #24]
  41 0006 42F00102 		orr	r2, r2, #1
  42 000a 9A61     		str	r2, [r3, #24]
  43              		.loc 1 70 3 view .LVU4
  44 000c 9A69     		ldr	r2, [r3, #24]
  45 000e 02F00102 		and	r2, r2, #1
ARM GAS  /tmp/cccpRdN7.s 			page 3


  46 0012 0092     		str	r2, [sp]
  47              		.loc 1 70 3 view .LVU5
  48 0014 009A     		ldr	r2, [sp]
  49              	.LBE2:
  50              		.loc 1 70 3 view .LVU6
  71:Core/Src/stm32f1xx_hal_msp.c ****   __HAL_RCC_PWR_CLK_ENABLE();
  51              		.loc 1 71 3 view .LVU7
  52              	.LBB3:
  53              		.loc 1 71 3 view .LVU8
  54              		.loc 1 71 3 view .LVU9
  55 0016 DA69     		ldr	r2, [r3, #28]
  56 0018 42F08052 		orr	r2, r2, #268435456
  57 001c DA61     		str	r2, [r3, #28]
  58              		.loc 1 71 3 view .LVU10
  59 001e DB69     		ldr	r3, [r3, #28]
  60 0020 03F08053 		and	r3, r3, #268435456
  61 0024 0193     		str	r3, [sp, #4]
  62              		.loc 1 71 3 view .LVU11
  63 0026 019B     		ldr	r3, [sp, #4]
  64              	.LBE3:
  65              		.loc 1 71 3 view .LVU12
  72:Core/Src/stm32f1xx_hal_msp.c **** 
  73:Core/Src/stm32f1xx_hal_msp.c ****   /* System interrupt init*/
  74:Core/Src/stm32f1xx_hal_msp.c **** 
  75:Core/Src/stm32f1xx_hal_msp.c ****   /** NOJTAG: JTAG-DP Disabled and SW-DP Enabled
  76:Core/Src/stm32f1xx_hal_msp.c ****   */
  77:Core/Src/stm32f1xx_hal_msp.c ****   __HAL_AFIO_REMAP_SWJ_NOJTAG();
  66              		.loc 1 77 3 view .LVU13
  67              	.LBB4:
  68              		.loc 1 77 3 view .LVU14
  69 0028 054A     		ldr	r2, .L3+4
  70 002a 5368     		ldr	r3, [r2, #4]
  71              	.LVL0:
  72              		.loc 1 77 3 view .LVU15
  73 002c 23F0E063 		bic	r3, r3, #117440512
  74              	.LVL1:
  75              		.loc 1 77 3 view .LVU16
  76 0030 43F00073 		orr	r3, r3, #33554432
  77              	.LVL2:
  78              		.loc 1 77 3 view .LVU17
  79 0034 5360     		str	r3, [r2, #4]
  80              	.LBE4:
  81              		.loc 1 77 3 view .LVU18
  78:Core/Src/stm32f1xx_hal_msp.c **** 
  79:Core/Src/stm32f1xx_hal_msp.c ****   /* USER CODE BEGIN MspInit 1 */
  80:Core/Src/stm32f1xx_hal_msp.c **** 
  81:Core/Src/stm32f1xx_hal_msp.c ****   /* USER CODE END MspInit 1 */
  82:Core/Src/stm32f1xx_hal_msp.c **** }
  82              		.loc 1 82 1 is_stmt 0 view .LVU19
  83 0036 02B0     		add	sp, sp, #8
  84              	.LCFI1:
  85              		.cfi_def_cfa_offset 0
  86              		@ sp needed
  87 0038 7047     		bx	lr
  88              	.L4:
  89 003a 00BF     		.align	2
  90              	.L3:
ARM GAS  /tmp/cccpRdN7.s 			page 4


  91 003c 00100240 		.word	1073876992
  92 0040 00000140 		.word	1073807360
  93              		.cfi_endproc
  94              	.LFE65:
  96              		.section	.text.HAL_UART_MspInit,"ax",%progbits
  97              		.align	1
  98              		.global	HAL_UART_MspInit
  99              		.syntax unified
 100              		.thumb
 101              		.thumb_func
 102              		.fpu softvfp
 104              	HAL_UART_MspInit:
 105              	.LVL3:
 106              	.LFB66:
  83:Core/Src/stm32f1xx_hal_msp.c **** 
  84:Core/Src/stm32f1xx_hal_msp.c **** /**
  85:Core/Src/stm32f1xx_hal_msp.c ****   * @brief UART MSP Initialization
  86:Core/Src/stm32f1xx_hal_msp.c ****   * This function configures the hardware resources used in this example
  87:Core/Src/stm32f1xx_hal_msp.c ****   * @param huart: UART handle pointer
  88:Core/Src/stm32f1xx_hal_msp.c ****   * @retval None
  89:Core/Src/stm32f1xx_hal_msp.c ****   */
  90:Core/Src/stm32f1xx_hal_msp.c **** void HAL_UART_MspInit(UART_HandleTypeDef* huart)
  91:Core/Src/stm32f1xx_hal_msp.c **** {
 107              		.loc 1 91 1 is_stmt 1 view -0
 108              		.cfi_startproc
 109              		@ args = 0, pretend = 0, frame = 24
 110              		@ frame_needed = 0, uses_anonymous_args = 0
 111              		.loc 1 91 1 is_stmt 0 view .LVU21
 112 0000 70B5     		push	{r4, r5, r6, lr}
 113              	.LCFI2:
 114              		.cfi_def_cfa_offset 16
 115              		.cfi_offset 4, -16
 116              		.cfi_offset 5, -12
 117              		.cfi_offset 6, -8
 118              		.cfi_offset 14, -4
 119 0002 86B0     		sub	sp, sp, #24
 120              	.LCFI3:
 121              		.cfi_def_cfa_offset 40
  92:Core/Src/stm32f1xx_hal_msp.c ****   GPIO_InitTypeDef GPIO_InitStruct = {0};
 122              		.loc 1 92 3 is_stmt 1 view .LVU22
 123              		.loc 1 92 20 is_stmt 0 view .LVU23
 124 0004 0023     		movs	r3, #0
 125 0006 0293     		str	r3, [sp, #8]
 126 0008 0393     		str	r3, [sp, #12]
 127 000a 0493     		str	r3, [sp, #16]
 128 000c 0593     		str	r3, [sp, #20]
  93:Core/Src/stm32f1xx_hal_msp.c ****   if(huart->Instance==USART1)
 129              		.loc 1 93 3 is_stmt 1 view .LVU24
 130              		.loc 1 93 11 is_stmt 0 view .LVU25
 131 000e 0268     		ldr	r2, [r0]
 132              		.loc 1 93 5 view .LVU26
 133 0010 264B     		ldr	r3, .L11
 134 0012 9A42     		cmp	r2, r3
 135 0014 01D0     		beq	.L9
 136              	.LVL4:
 137              	.L5:
  94:Core/Src/stm32f1xx_hal_msp.c ****   {
ARM GAS  /tmp/cccpRdN7.s 			page 5


  95:Core/Src/stm32f1xx_hal_msp.c ****     /* USER CODE BEGIN USART1_MspInit 0 */
  96:Core/Src/stm32f1xx_hal_msp.c **** 
  97:Core/Src/stm32f1xx_hal_msp.c ****     /* USER CODE END USART1_MspInit 0 */
  98:Core/Src/stm32f1xx_hal_msp.c ****     /* Peripheral clock enable */
  99:Core/Src/stm32f1xx_hal_msp.c ****     __HAL_RCC_USART1_CLK_ENABLE();
 100:Core/Src/stm32f1xx_hal_msp.c **** 
 101:Core/Src/stm32f1xx_hal_msp.c ****     __HAL_RCC_GPIOA_CLK_ENABLE();
 102:Core/Src/stm32f1xx_hal_msp.c ****     /**USART1 GPIO Configuration
 103:Core/Src/stm32f1xx_hal_msp.c ****     PA9     ------> USART1_TX
 104:Core/Src/stm32f1xx_hal_msp.c ****     PA10     ------> USART1_RX
 105:Core/Src/stm32f1xx_hal_msp.c ****     */
 106:Core/Src/stm32f1xx_hal_msp.c ****     GPIO_InitStruct.Pin = GPIO_PIN_9;
 107:Core/Src/stm32f1xx_hal_msp.c ****     GPIO_InitStruct.Mode = GPIO_MODE_AF_PP;
 108:Core/Src/stm32f1xx_hal_msp.c ****     GPIO_InitStruct.Speed = GPIO_SPEED_FREQ_HIGH;
 109:Core/Src/stm32f1xx_hal_msp.c ****     HAL_GPIO_Init(GPIOA, &GPIO_InitStruct);
 110:Core/Src/stm32f1xx_hal_msp.c **** 
 111:Core/Src/stm32f1xx_hal_msp.c ****     GPIO_InitStruct.Pin = GPIO_PIN_10;
 112:Core/Src/stm32f1xx_hal_msp.c ****     GPIO_InitStruct.Mode = GPIO_MODE_INPUT;
 113:Core/Src/stm32f1xx_hal_msp.c ****     GPIO_InitStruct.Pull = GPIO_NOPULL;
 114:Core/Src/stm32f1xx_hal_msp.c ****     HAL_GPIO_Init(GPIOA, &GPIO_InitStruct);
 115:Core/Src/stm32f1xx_hal_msp.c **** 
 116:Core/Src/stm32f1xx_hal_msp.c ****     /* USART1 DMA Init */
 117:Core/Src/stm32f1xx_hal_msp.c ****     /* USART1_TX Init */
 118:Core/Src/stm32f1xx_hal_msp.c ****     hdma_usart1_tx.Instance = DMA1_Channel4;
 119:Core/Src/stm32f1xx_hal_msp.c ****     hdma_usart1_tx.Init.Direction = DMA_MEMORY_TO_PERIPH;
 120:Core/Src/stm32f1xx_hal_msp.c ****     hdma_usart1_tx.Init.PeriphInc = DMA_PINC_DISABLE;
 121:Core/Src/stm32f1xx_hal_msp.c ****     hdma_usart1_tx.Init.MemInc = DMA_MINC_ENABLE;
 122:Core/Src/stm32f1xx_hal_msp.c ****     hdma_usart1_tx.Init.PeriphDataAlignment = DMA_PDATAALIGN_BYTE;
 123:Core/Src/stm32f1xx_hal_msp.c ****     hdma_usart1_tx.Init.MemDataAlignment = DMA_MDATAALIGN_BYTE;
 124:Core/Src/stm32f1xx_hal_msp.c ****     hdma_usart1_tx.Init.Mode = DMA_NORMAL;
 125:Core/Src/stm32f1xx_hal_msp.c ****     hdma_usart1_tx.Init.Priority = DMA_PRIORITY_LOW;
 126:Core/Src/stm32f1xx_hal_msp.c ****     if (HAL_DMA_Init(&hdma_usart1_tx) != HAL_OK)
 127:Core/Src/stm32f1xx_hal_msp.c ****     {
 128:Core/Src/stm32f1xx_hal_msp.c ****       Error_Handler();
 129:Core/Src/stm32f1xx_hal_msp.c ****     }
 130:Core/Src/stm32f1xx_hal_msp.c **** 
 131:Core/Src/stm32f1xx_hal_msp.c ****     __HAL_LINKDMA(huart,hdmatx,hdma_usart1_tx);
 132:Core/Src/stm32f1xx_hal_msp.c **** 
 133:Core/Src/stm32f1xx_hal_msp.c ****     /* USART1 interrupt Init */
 134:Core/Src/stm32f1xx_hal_msp.c ****     HAL_NVIC_SetPriority(USART1_IRQn, 1, 0);
 135:Core/Src/stm32f1xx_hal_msp.c ****     HAL_NVIC_EnableIRQ(USART1_IRQn);
 136:Core/Src/stm32f1xx_hal_msp.c ****     /* USER CODE BEGIN USART1_MspInit 1 */
 137:Core/Src/stm32f1xx_hal_msp.c **** 
 138:Core/Src/stm32f1xx_hal_msp.c ****     /* USER CODE END USART1_MspInit 1 */
 139:Core/Src/stm32f1xx_hal_msp.c **** 
 140:Core/Src/stm32f1xx_hal_msp.c ****   }
 141:Core/Src/stm32f1xx_hal_msp.c **** 
 142:Core/Src/stm32f1xx_hal_msp.c **** }
 138              		.loc 1 142 1 view .LVU27
 139 0016 06B0     		add	sp, sp, #24
 140              	.LCFI4:
 141              		.cfi_remember_state
 142              		.cfi_def_cfa_offset 16
 143              		@ sp needed
 144 0018 70BD     		pop	{r4, r5, r6, pc}
 145              	.LVL5:
 146              	.L9:
ARM GAS  /tmp/cccpRdN7.s 			page 6


 147              	.LCFI5:
 148              		.cfi_restore_state
 149              		.loc 1 142 1 view .LVU28
 150 001a 0446     		mov	r4, r0
  99:Core/Src/stm32f1xx_hal_msp.c **** 
 151              		.loc 1 99 5 is_stmt 1 view .LVU29
 152              	.LBB5:
  99:Core/Src/stm32f1xx_hal_msp.c **** 
 153              		.loc 1 99 5 view .LVU30
  99:Core/Src/stm32f1xx_hal_msp.c **** 
 154              		.loc 1 99 5 view .LVU31
 155 001c 03F55843 		add	r3, r3, #55296
 156 0020 9A69     		ldr	r2, [r3, #24]
 157 0022 42F48042 		orr	r2, r2, #16384
 158 0026 9A61     		str	r2, [r3, #24]
  99:Core/Src/stm32f1xx_hal_msp.c **** 
 159              		.loc 1 99 5 view .LVU32
 160 0028 9A69     		ldr	r2, [r3, #24]
 161 002a 02F48042 		and	r2, r2, #16384
 162 002e 0092     		str	r2, [sp]
  99:Core/Src/stm32f1xx_hal_msp.c **** 
 163              		.loc 1 99 5 view .LVU33
 164 0030 009A     		ldr	r2, [sp]
 165              	.LBE5:
  99:Core/Src/stm32f1xx_hal_msp.c **** 
 166              		.loc 1 99 5 view .LVU34
 101:Core/Src/stm32f1xx_hal_msp.c ****     /**USART1 GPIO Configuration
 167              		.loc 1 101 5 view .LVU35
 168              	.LBB6:
 101:Core/Src/stm32f1xx_hal_msp.c ****     /**USART1 GPIO Configuration
 169              		.loc 1 101 5 view .LVU36
 101:Core/Src/stm32f1xx_hal_msp.c ****     /**USART1 GPIO Configuration
 170              		.loc 1 101 5 view .LVU37
 171 0032 9A69     		ldr	r2, [r3, #24]
 172 0034 42F00402 		orr	r2, r2, #4
 173 0038 9A61     		str	r2, [r3, #24]
 101:Core/Src/stm32f1xx_hal_msp.c ****     /**USART1 GPIO Configuration
 174              		.loc 1 101 5 view .LVU38
 175 003a 9B69     		ldr	r3, [r3, #24]
 176 003c 03F00403 		and	r3, r3, #4
 177 0040 0193     		str	r3, [sp, #4]
 101:Core/Src/stm32f1xx_hal_msp.c ****     /**USART1 GPIO Configuration
 178              		.loc 1 101 5 view .LVU39
 179 0042 019B     		ldr	r3, [sp, #4]
 180              	.LBE6:
 101:Core/Src/stm32f1xx_hal_msp.c ****     /**USART1 GPIO Configuration
 181              		.loc 1 101 5 view .LVU40
 106:Core/Src/stm32f1xx_hal_msp.c ****     GPIO_InitStruct.Mode = GPIO_MODE_AF_PP;
 182              		.loc 1 106 5 view .LVU41
 106:Core/Src/stm32f1xx_hal_msp.c ****     GPIO_InitStruct.Mode = GPIO_MODE_AF_PP;
 183              		.loc 1 106 25 is_stmt 0 view .LVU42
 184 0044 4FF40073 		mov	r3, #512
 185 0048 0293     		str	r3, [sp, #8]
 107:Core/Src/stm32f1xx_hal_msp.c ****     GPIO_InitStruct.Speed = GPIO_SPEED_FREQ_HIGH;
 186              		.loc 1 107 5 is_stmt 1 view .LVU43
 107:Core/Src/stm32f1xx_hal_msp.c ****     GPIO_InitStruct.Speed = GPIO_SPEED_FREQ_HIGH;
 187              		.loc 1 107 26 is_stmt 0 view .LVU44
ARM GAS  /tmp/cccpRdN7.s 			page 7


 188 004a 0223     		movs	r3, #2
 189 004c 0393     		str	r3, [sp, #12]
 108:Core/Src/stm32f1xx_hal_msp.c ****     HAL_GPIO_Init(GPIOA, &GPIO_InitStruct);
 190              		.loc 1 108 5 is_stmt 1 view .LVU45
 108:Core/Src/stm32f1xx_hal_msp.c ****     HAL_GPIO_Init(GPIOA, &GPIO_InitStruct);
 191              		.loc 1 108 27 is_stmt 0 view .LVU46
 192 004e 0323     		movs	r3, #3
 193 0050 0593     		str	r3, [sp, #20]
 109:Core/Src/stm32f1xx_hal_msp.c **** 
 194              		.loc 1 109 5 is_stmt 1 view .LVU47
 195 0052 174E     		ldr	r6, .L11+4
 196 0054 02A9     		add	r1, sp, #8
 197 0056 3046     		mov	r0, r6
 198              	.LVL6:
 109:Core/Src/stm32f1xx_hal_msp.c **** 
 199              		.loc 1 109 5 is_stmt 0 view .LVU48
 200 0058 FFF7FEFF 		bl	HAL_GPIO_Init
 201              	.LVL7:
 111:Core/Src/stm32f1xx_hal_msp.c ****     GPIO_InitStruct.Mode = GPIO_MODE_INPUT;
 202              		.loc 1 111 5 is_stmt 1 view .LVU49
 111:Core/Src/stm32f1xx_hal_msp.c ****     GPIO_InitStruct.Mode = GPIO_MODE_INPUT;
 203              		.loc 1 111 25 is_stmt 0 view .LVU50
 204 005c 4FF48063 		mov	r3, #1024
 205 0060 0293     		str	r3, [sp, #8]
 112:Core/Src/stm32f1xx_hal_msp.c ****     GPIO_InitStruct.Pull = GPIO_NOPULL;
 206              		.loc 1 112 5 is_stmt 1 view .LVU51
 112:Core/Src/stm32f1xx_hal_msp.c ****     GPIO_InitStruct.Pull = GPIO_NOPULL;
 207              		.loc 1 112 26 is_stmt 0 view .LVU52
 208 0062 0025     		movs	r5, #0
 209 0064 0395     		str	r5, [sp, #12]
 113:Core/Src/stm32f1xx_hal_msp.c ****     HAL_GPIO_Init(GPIOA, &GPIO_InitStruct);
 210              		.loc 1 113 5 is_stmt 1 view .LVU53
 113:Core/Src/stm32f1xx_hal_msp.c ****     HAL_GPIO_Init(GPIOA, &GPIO_InitStruct);
 211              		.loc 1 113 26 is_stmt 0 view .LVU54
 212 0066 0495     		str	r5, [sp, #16]
 114:Core/Src/stm32f1xx_hal_msp.c **** 
 213              		.loc 1 114 5 is_stmt 1 view .LVU55
 214 0068 02A9     		add	r1, sp, #8
 215 006a 3046     		mov	r0, r6
 216 006c FFF7FEFF 		bl	HAL_GPIO_Init
 217              	.LVL8:
 118:Core/Src/stm32f1xx_hal_msp.c ****     hdma_usart1_tx.Init.Direction = DMA_MEMORY_TO_PERIPH;
 218              		.loc 1 118 5 view .LVU56
 118:Core/Src/stm32f1xx_hal_msp.c ****     hdma_usart1_tx.Init.Direction = DMA_MEMORY_TO_PERIPH;
 219              		.loc 1 118 29 is_stmt 0 view .LVU57
 220 0070 1048     		ldr	r0, .L11+8
 221 0072 114B     		ldr	r3, .L11+12
 222 0074 0360     		str	r3, [r0]
 119:Core/Src/stm32f1xx_hal_msp.c ****     hdma_usart1_tx.Init.PeriphInc = DMA_PINC_DISABLE;
 223              		.loc 1 119 5 is_stmt 1 view .LVU58
 119:Core/Src/stm32f1xx_hal_msp.c ****     hdma_usart1_tx.Init.PeriphInc = DMA_PINC_DISABLE;
 224              		.loc 1 119 35 is_stmt 0 view .LVU59
 225 0076 1023     		movs	r3, #16
 226 0078 4360     		str	r3, [r0, #4]
 120:Core/Src/stm32f1xx_hal_msp.c ****     hdma_usart1_tx.Init.MemInc = DMA_MINC_ENABLE;
 227              		.loc 1 120 5 is_stmt 1 view .LVU60
 120:Core/Src/stm32f1xx_hal_msp.c ****     hdma_usart1_tx.Init.MemInc = DMA_MINC_ENABLE;
ARM GAS  /tmp/cccpRdN7.s 			page 8


 228              		.loc 1 120 35 is_stmt 0 view .LVU61
 229 007a 8560     		str	r5, [r0, #8]
 121:Core/Src/stm32f1xx_hal_msp.c ****     hdma_usart1_tx.Init.PeriphDataAlignment = DMA_PDATAALIGN_BYTE;
 230              		.loc 1 121 5 is_stmt 1 view .LVU62
 121:Core/Src/stm32f1xx_hal_msp.c ****     hdma_usart1_tx.Init.PeriphDataAlignment = DMA_PDATAALIGN_BYTE;
 231              		.loc 1 121 32 is_stmt 0 view .LVU63
 232 007c 8023     		movs	r3, #128
 233 007e C360     		str	r3, [r0, #12]
 122:Core/Src/stm32f1xx_hal_msp.c ****     hdma_usart1_tx.Init.MemDataAlignment = DMA_MDATAALIGN_BYTE;
 234              		.loc 1 122 5 is_stmt 1 view .LVU64
 122:Core/Src/stm32f1xx_hal_msp.c ****     hdma_usart1_tx.Init.MemDataAlignment = DMA_MDATAALIGN_BYTE;
 235              		.loc 1 122 45 is_stmt 0 view .LVU65
 236 0080 0561     		str	r5, [r0, #16]
 123:Core/Src/stm32f1xx_hal_msp.c ****     hdma_usart1_tx.Init.Mode = DMA_NORMAL;
 237              		.loc 1 123 5 is_stmt 1 view .LVU66
 123:Core/Src/stm32f1xx_hal_msp.c ****     hdma_usart1_tx.Init.Mode = DMA_NORMAL;
 238              		.loc 1 123 42 is_stmt 0 view .LVU67
 239 0082 4561     		str	r5, [r0, #20]
 124:Core/Src/stm32f1xx_hal_msp.c ****     hdma_usart1_tx.Init.Priority = DMA_PRIORITY_LOW;
 240              		.loc 1 124 5 is_stmt 1 view .LVU68
 124:Core/Src/stm32f1xx_hal_msp.c ****     hdma_usart1_tx.Init.Priority = DMA_PRIORITY_LOW;
 241              		.loc 1 124 30 is_stmt 0 view .LVU69
 242 0084 8561     		str	r5, [r0, #24]
 125:Core/Src/stm32f1xx_hal_msp.c ****     if (HAL_DMA_Init(&hdma_usart1_tx) != HAL_OK)
 243              		.loc 1 125 5 is_stmt 1 view .LVU70
 125:Core/Src/stm32f1xx_hal_msp.c ****     if (HAL_DMA_Init(&hdma_usart1_tx) != HAL_OK)
 244              		.loc 1 125 34 is_stmt 0 view .LVU71
 245 0086 C561     		str	r5, [r0, #28]
 126:Core/Src/stm32f1xx_hal_msp.c ****     {
 246              		.loc 1 126 5 is_stmt 1 view .LVU72
 126:Core/Src/stm32f1xx_hal_msp.c ****     {
 247              		.loc 1 126 9 is_stmt 0 view .LVU73
 248 0088 FFF7FEFF 		bl	HAL_DMA_Init
 249              	.LVL9:
 126:Core/Src/stm32f1xx_hal_msp.c ****     {
 250              		.loc 1 126 8 view .LVU74
 251 008c 58B9     		cbnz	r0, .L10
 252              	.L7:
 131:Core/Src/stm32f1xx_hal_msp.c **** 
 253              		.loc 1 131 5 is_stmt 1 view .LVU75
 131:Core/Src/stm32f1xx_hal_msp.c **** 
 254              		.loc 1 131 5 view .LVU76
 255 008e 094B     		ldr	r3, .L11+8
 256 0090 A363     		str	r3, [r4, #56]
 131:Core/Src/stm32f1xx_hal_msp.c **** 
 257              		.loc 1 131 5 view .LVU77
 258 0092 5C62     		str	r4, [r3, #36]
 131:Core/Src/stm32f1xx_hal_msp.c **** 
 259              		.loc 1 131 5 view .LVU78
 134:Core/Src/stm32f1xx_hal_msp.c ****     HAL_NVIC_EnableIRQ(USART1_IRQn);
 260              		.loc 1 134 5 view .LVU79
 261 0094 0022     		movs	r2, #0
 262 0096 0121     		movs	r1, #1
 263 0098 2520     		movs	r0, #37
 264 009a FFF7FEFF 		bl	HAL_NVIC_SetPriority
 265              	.LVL10:
 135:Core/Src/stm32f1xx_hal_msp.c ****     /* USER CODE BEGIN USART1_MspInit 1 */
ARM GAS  /tmp/cccpRdN7.s 			page 9


 266              		.loc 1 135 5 view .LVU80
 267 009e 2520     		movs	r0, #37
 268 00a0 FFF7FEFF 		bl	HAL_NVIC_EnableIRQ
 269              	.LVL11:
 270              		.loc 1 142 1 is_stmt 0 view .LVU81
 271 00a4 B7E7     		b	.L5
 272              	.L10:
 128:Core/Src/stm32f1xx_hal_msp.c ****     }
 273              		.loc 1 128 7 is_stmt 1 view .LVU82
 274 00a6 FFF7FEFF 		bl	Error_Handler
 275              	.LVL12:
 276 00aa F0E7     		b	.L7
 277              	.L12:
 278              		.align	2
 279              	.L11:
 280 00ac 00380140 		.word	1073821696
 281 00b0 00080140 		.word	1073809408
 282 00b4 00000000 		.word	hdma_usart1_tx
 283 00b8 44000240 		.word	1073872964
 284              		.cfi_endproc
 285              	.LFE66:
 287              		.section	.text.HAL_UART_MspDeInit,"ax",%progbits
 288              		.align	1
 289              		.global	HAL_UART_MspDeInit
 290              		.syntax unified
 291              		.thumb
 292              		.thumb_func
 293              		.fpu softvfp
 295              	HAL_UART_MspDeInit:
 296              	.LVL13:
 297              	.LFB67:
 143:Core/Src/stm32f1xx_hal_msp.c **** 
 144:Core/Src/stm32f1xx_hal_msp.c **** /**
 145:Core/Src/stm32f1xx_hal_msp.c ****   * @brief UART MSP De-Initialization
 146:Core/Src/stm32f1xx_hal_msp.c ****   * This function freeze the hardware resources used in this example
 147:Core/Src/stm32f1xx_hal_msp.c ****   * @param huart: UART handle pointer
 148:Core/Src/stm32f1xx_hal_msp.c ****   * @retval None
 149:Core/Src/stm32f1xx_hal_msp.c ****   */
 150:Core/Src/stm32f1xx_hal_msp.c **** void HAL_UART_MspDeInit(UART_HandleTypeDef* huart)
 151:Core/Src/stm32f1xx_hal_msp.c **** {
 298              		.loc 1 151 1 view -0
 299              		.cfi_startproc
 300              		@ args = 0, pretend = 0, frame = 0
 301              		@ frame_needed = 0, uses_anonymous_args = 0
 152:Core/Src/stm32f1xx_hal_msp.c ****   if(huart->Instance==USART1)
 302              		.loc 1 152 3 view .LVU84
 303              		.loc 1 152 11 is_stmt 0 view .LVU85
 304 0000 0268     		ldr	r2, [r0]
 305              		.loc 1 152 5 view .LVU86
 306 0002 0B4B     		ldr	r3, .L20
 307 0004 9A42     		cmp	r2, r3
 308 0006 00D0     		beq	.L19
 309 0008 7047     		bx	lr
 310              	.L19:
 151:Core/Src/stm32f1xx_hal_msp.c ****   if(huart->Instance==USART1)
 311              		.loc 1 151 1 view .LVU87
 312 000a 10B5     		push	{r4, lr}
ARM GAS  /tmp/cccpRdN7.s 			page 10


 313              	.LCFI6:
 314              		.cfi_def_cfa_offset 8
 315              		.cfi_offset 4, -8
 316              		.cfi_offset 14, -4
 317 000c 0446     		mov	r4, r0
 153:Core/Src/stm32f1xx_hal_msp.c ****   {
 154:Core/Src/stm32f1xx_hal_msp.c ****     /* USER CODE BEGIN USART1_MspDeInit 0 */
 155:Core/Src/stm32f1xx_hal_msp.c **** 
 156:Core/Src/stm32f1xx_hal_msp.c ****     /* USER CODE END USART1_MspDeInit 0 */
 157:Core/Src/stm32f1xx_hal_msp.c ****     /* Peripheral clock disable */
 158:Core/Src/stm32f1xx_hal_msp.c ****     __HAL_RCC_USART1_CLK_DISABLE();
 318              		.loc 1 158 5 is_stmt 1 view .LVU88
 319 000e 094A     		ldr	r2, .L20+4
 320 0010 9369     		ldr	r3, [r2, #24]
 321 0012 23F48043 		bic	r3, r3, #16384
 322 0016 9361     		str	r3, [r2, #24]
 159:Core/Src/stm32f1xx_hal_msp.c **** 
 160:Core/Src/stm32f1xx_hal_msp.c ****     /**USART1 GPIO Configuration
 161:Core/Src/stm32f1xx_hal_msp.c ****     PA9     ------> USART1_TX
 162:Core/Src/stm32f1xx_hal_msp.c ****     PA10     ------> USART1_RX
 163:Core/Src/stm32f1xx_hal_msp.c ****     */
 164:Core/Src/stm32f1xx_hal_msp.c ****     HAL_GPIO_DeInit(GPIOA, GPIO_PIN_9|GPIO_PIN_10);
 323              		.loc 1 164 5 view .LVU89
 324 0018 4FF4C061 		mov	r1, #1536
 325 001c 0648     		ldr	r0, .L20+8
 326              	.LVL14:
 327              		.loc 1 164 5 is_stmt 0 view .LVU90
 328 001e FFF7FEFF 		bl	HAL_GPIO_DeInit
 329              	.LVL15:
 165:Core/Src/stm32f1xx_hal_msp.c **** 
 166:Core/Src/stm32f1xx_hal_msp.c ****     /* USART1 DMA DeInit */
 167:Core/Src/stm32f1xx_hal_msp.c ****     HAL_DMA_DeInit(huart->hdmatx);
 330              		.loc 1 167 5 is_stmt 1 view .LVU91
 331 0022 A06B     		ldr	r0, [r4, #56]
 332 0024 FFF7FEFF 		bl	HAL_DMA_DeInit
 333              	.LVL16:
 168:Core/Src/stm32f1xx_hal_msp.c **** 
 169:Core/Src/stm32f1xx_hal_msp.c ****     /* USART1 interrupt DeInit */
 170:Core/Src/stm32f1xx_hal_msp.c ****     HAL_NVIC_DisableIRQ(USART1_IRQn);
 334              		.loc 1 170 5 view .LVU92
 335 0028 2520     		movs	r0, #37
 336 002a FFF7FEFF 		bl	HAL_NVIC_DisableIRQ
 337              	.LVL17:
 171:Core/Src/stm32f1xx_hal_msp.c ****     /* USER CODE BEGIN USART1_MspDeInit 1 */
 172:Core/Src/stm32f1xx_hal_msp.c **** 
 173:Core/Src/stm32f1xx_hal_msp.c ****     /* USER CODE END USART1_MspDeInit 1 */
 174:Core/Src/stm32f1xx_hal_msp.c ****   }
 175:Core/Src/stm32f1xx_hal_msp.c **** 
 176:Core/Src/stm32f1xx_hal_msp.c **** }
 338              		.loc 1 176 1 is_stmt 0 view .LVU93
 339 002e 10BD     		pop	{r4, pc}
 340              	.LVL18:
 341              	.L21:
 342              		.loc 1 176 1 view .LVU94
 343              		.align	2
 344              	.L20:
 345 0030 00380140 		.word	1073821696
ARM GAS  /tmp/cccpRdN7.s 			page 11


 346 0034 00100240 		.word	1073876992
 347 0038 00080140 		.word	1073809408
 348              		.cfi_endproc
 349              	.LFE67:
 351              		.text
 352              	.Letext0:
 353              		.file 2 "/usr/lib/gcc/arm-none-eabi/10.3.1/include/stdint.h"
 354              		.file 3 "Drivers/CMSIS/Device/ST/STM32F1xx/Include/stm32f103xb.h"
 355              		.file 4 "Drivers/STM32F1xx_HAL_Driver/Inc/stm32f1xx_hal_def.h"
 356              		.file 5 "Drivers/STM32F1xx_HAL_Driver/Inc/stm32f1xx_hal_gpio.h"
 357              		.file 6 "Drivers/STM32F1xx_HAL_Driver/Inc/stm32f1xx_hal_dma.h"
 358              		.file 7 "Drivers/STM32F1xx_HAL_Driver/Inc/stm32f1xx_hal_uart.h"
 359              		.file 8 "Drivers/STM32F1xx_HAL_Driver/Inc/stm32f1xx_hal_cortex.h"
 360              		.file 9 "Core/Inc/main.h"
ARM GAS  /tmp/cccpRdN7.s 			page 12


DEFINED SYMBOLS
                            *ABS*:0000000000000000 stm32f1xx_hal_msp.c
     /tmp/cccpRdN7.s:16     .text.HAL_MspInit:0000000000000000 $t
     /tmp/cccpRdN7.s:24     .text.HAL_MspInit:0000000000000000 HAL_MspInit
     /tmp/cccpRdN7.s:91     .text.HAL_MspInit:000000000000003c $d
     /tmp/cccpRdN7.s:97     .text.HAL_UART_MspInit:0000000000000000 $t
     /tmp/cccpRdN7.s:104    .text.HAL_UART_MspInit:0000000000000000 HAL_UART_MspInit
     /tmp/cccpRdN7.s:280    .text.HAL_UART_MspInit:00000000000000ac $d
     /tmp/cccpRdN7.s:288    .text.HAL_UART_MspDeInit:0000000000000000 $t
     /tmp/cccpRdN7.s:295    .text.HAL_UART_MspDeInit:0000000000000000 HAL_UART_MspDeInit
     /tmp/cccpRdN7.s:345    .text.HAL_UART_MspDeInit:0000000000000030 $d

UNDEFINED SYMBOLS
HAL_GPIO_Init
HAL_DMA_Init
HAL_NVIC_SetPriority
HAL_NVIC_EnableIRQ
Error_Handler
hdma_usart1_tx
HAL_GPIO_DeInit
HAL_DMA_DeInit
HAL_NVIC_DisableIRQ
